Archive member included to satisfy reference by file (symbol)

CMakeFiles\blobs_client_sample.dir/objects.a(blobs_client_sample.c.obj)
                              (--whole-archive)
../../../src/azure/storage/libaz_storage_blobs.a(az_storage_blobs_blob_client.c.obj)
                              CMakeFiles\blobs_client_sample.dir/objects.a(blobs_client_sample.c.obj) (az_storage_blobs_blob_client_init)
C:/MinGW/mingw64/bin/../lib/gcc/x86_64-w64-mingw32/14.2.0/../../../../lib/libcurl.dll.a(libcurl-x64.dll)
                              CMakeFiles\blobs_client_sample.dir/objects.a(blobs_client_sample.c.obj) (__imp_curl_global_cleanup)
C:/MinGW/mingw64/bin/../lib/gcc/x86_64-w64-mingw32/14.2.0/../../../../lib/libcurl.dll.a(libcurl-x64.dll)
                              CMakeFiles\blobs_client_sample.dir/objects.a(blobs_client_sample.c.obj) (__imp_curl_global_init)
C:/MinGW/mingw64/bin/../lib/gcc/x86_64-w64-mingw32/14.2.0/../../../../lib/libcurl.dll.a(libcurl-x64.dll)
                              C:/MinGW/mingw64/bin/../lib/gcc/x86_64-w64-mingw32/14.2.0/../../../../lib/libcurl.dll.a(libcurl-x64.dll) (__IMPORT_DESCRIPTOR_libcurl-x64)
C:/MinGW/mingw64/bin/../lib/gcc/x86_64-w64-mingw32/14.2.0/../../../../lib/libcurl.dll.a(libcurl-x64.dll)
                              C:/MinGW/mingw64/bin/../lib/gcc/x86_64-w64-mingw32/14.2.0/../../../../lib/libcurl.dll.a(libcurl-x64.dll) (__NULL_IMPORT_DESCRIPTOR)
C:/MinGW/mingw64/bin/../lib/gcc/x86_64-w64-mingw32/14.2.0/../../../../lib/libcurl.dll.a(libcurl-x64.dll)
                              C:/MinGW/mingw64/bin/../lib/gcc/x86_64-w64-mingw32/14.2.0/../../../../lib/libcurl.dll.a(libcurl-x64.dll) (libcurl-x64_NULL_THUNK_DATA)
../../../src/azure/core/libaz_core.a(az_context.c.obj)
                              ../../../src/azure/storage/libaz_storage_blobs.a(az_storage_blobs_blob_client.c.obj) (az_context_application)
../../../src/azure/core/libaz_core.a(az_http_pipeline.c.obj)
                              ../../../src/azure/storage/libaz_storage_blobs.a(az_storage_blobs_blob_client.c.obj) (az_http_pipeline_process)
../../../src/azure/core/libaz_core.a(az_http_policy.c.obj)
                              ../../../src/azure/storage/libaz_storage_blobs.a(az_storage_blobs_blob_client.c.obj) (az_http_pipeline_policy_apiversion)
../../../src/azure/core/libaz_core.a(az_http_policy_logging.c.obj)
                              ../../../src/azure/storage/libaz_storage_blobs.a(az_storage_blobs_blob_client.c.obj) (az_http_pipeline_policy_logging)
../../../src/azure/core/libaz_core.a(az_http_policy_retry.c.obj)
                              ../../../src/azure/storage/libaz_storage_blobs.a(az_storage_blobs_blob_client.c.obj) (_az_http_policy_retry_options_default)
../../../src/azure/core/libaz_core.a(az_http_request.c.obj)
                              ../../../src/azure/storage/libaz_storage_blobs.a(az_storage_blobs_blob_client.c.obj) (az_http_request_init)
../../../src/azure/core/libaz_core.a(az_http_response.c.obj)
                              CMakeFiles\blobs_client_sample.dir/objects.a(blobs_client_sample.c.obj) (az_http_response_get_status_line)
../../../src/azure/core/libaz_core.a(az_log.c.obj)
                              ../../../src/azure/core/libaz_core.a(az_http_policy_logging.c.obj) (_az_log_should_write)
../../../src/azure/core/libaz_core.a(az_precondition.c.obj)
                              ../../../src/azure/storage/libaz_storage_blobs.a(az_storage_blobs_blob_client.c.obj) (az_precondition_failed_get_callback)
../../../src/azure/core/libaz_core.a(az_span.c.obj)
                              CMakeFiles\blobs_client_sample.dir/objects.a(blobs_client_sample.c.obj) (az_span_create)
../../../src/azure/platform/libaz_win32.a(az_win32.c.obj)
                              ../../../src/azure/core/libaz_core.a(az_http_policy_logging.c.obj) (az_platform_clock_msec)
C:/MinGW/mingw64/bin/../lib/gcc/x86_64-w64-mingw32/14.2.0/../../../../x86_64-w64-mingw32/lib/../lib/libkernel32.a(libkernel32s01618.o)
                              C:/MinGW/mingw64/bin/../lib/gcc/x86_64-w64-mingw32/14.2.0/../../../../x86_64-w64-mingw32/lib/../lib/crt2.o (__C_specific_handler)
C:/MinGW/mingw64/bin/../lib/gcc/x86_64-w64-mingw32/14.2.0/../../../../x86_64-w64-mingw32/lib/../lib/libkernel32.a(libkernel32s01443.o)
                              C:/MinGW/mingw64/bin/../lib/gcc/x86_64-w64-mingw32/14.2.0/../../../../x86_64-w64-mingw32/lib/../lib/crt2.o (__imp_Sleep)
C:/MinGW/mingw64/bin/../lib/gcc/x86_64-w64-mingw32/14.2.0/../../../../x86_64-w64-mingw32/lib/../lib/libkernel32.a(libkernel32s01427.o)
                              C:/MinGW/mingw64/bin/../lib/gcc/x86_64-w64-mingw32/14.2.0/../../../../x86_64-w64-mingw32/lib/../lib/crt2.o (__imp_SetUnhandledExceptionFilter)
C:/MinGW/mingw64/bin/../lib/gcc/x86_64-w64-mingw32/14.2.0/../../../../x86_64-w64-mingw32/lib/../lib/libkernel32.a(libkernel32s01011.o)
[...]
Memory Configuration

Name             Origin             Length             Attributes
*default*        0x0000000000000000 0xffffffffffffffff

Linker script and memory map

                0x0000000140000000                __image_base__ = 0x140000000
                0x0000000000000000                __dll__ = 0x0
                0x0000000140000000                __ImageBase = 0x140000000
                0x0000000000001000                __section_alignment__ = 0x1000
                0x0000000000000200                __file_alignment__ = 0x200
                0x0000000000000004                __major_os_version__ = 0x4
                0x0000000000000000                __minor_os_version__ = 0x0
                0x0000000000000000                __major_image_version__ = 0x0
                0x0000000000000000                __minor_image_version__ = 0x0
                0x0000000000000005                __major_subsystem_version__ = 0x5
                0x0000000000000002                __minor_subsystem_version__ = 0x2
                0x0000000000000003                __subsystem__ = 0x3
                0x0000000000200000                __size_of_stack_reserve__ = 0x200000
                0x0000000000001000                __size_of_stack_commit__ = 0x1000
                0x0000000000100000                __size_of_heap_reserve__ = 0x100000
                0x0000000000001000                __size_of_heap_commit__ = 0x1000
                0x0000000000000000                __loader_flags__ = 0x0
                0x0000000000000160                __dll_characteristics__ = 0x160
LOAD C:/MinGW/mingw64/bin/../lib/gcc/x86_64-w64-mingw32/14.2.0/../../../../x86_64-w64-mingw32/lib/../lib/crt2.o
LOAD C:/MinGW/mingw64/bin/../lib/gcc/x86_64-w64-mingw32/14.2.0/crtbegin.o
START GROUP
LOAD CMakeFiles\blobs_client_sample.dir/objects.a
LOAD ../../../src/azure/storage/libaz_storage_blobs.a
LOAD ../../../src/azure/platform/libaz_curl.a
LOAD C:/MinGW/mingw64/bin/../lib/gcc/x86_64-w64-mingw32/14.2.0/../../../../lib/libcurl.dll.a
LOAD ../../../src/azure/core/libaz_core.a
LOAD ../../../src/azure/platform/libaz_win32.a
LOAD ../../../src/azure/core/libaz_core.a
LOAD ../../../src/azure/platform/libaz_win32.a
LOAD C:/MinGW/mingw64/bin/libcurl.dll.a
LOAD C:/MinGW/mingw64/bin/../lib/gcc/x86_64-w64-mingw32/14.2.0/../../../../x86_64-w64-mingw32/lib/../lib/libkernel32.a
LOAD C:/MinGW/mingw64/bin/../lib/gcc/x86_64-w64-mingw32/14.2.0/../../../../x86_64-w64-mingw32/lib/../lib/libuser32.a
LOAD C:/MinGW/mingw64/bin/../lib/gcc/x86_64-w64-mingw32/14.2.0/../../../../x86_64-w64-mingw32/lib/../lib/libgdi32.a
LOAD C:/MinGW/mingw64/bin/../lib/gcc/x86_64-w64-mingw32/14.2.0/../../../../x86_64-w64-mingw32/lib/../lib/libwinspool.a
LOAD C:/MinGW/mingw64/bin/../lib/gcc/x86_64-w64-mingw32/14.2.0/../../../../x86_64-w64-mingw32/lib/../lib/libshell32.a
LOAD C:/MinGW/mingw64/bin/../lib/gcc/x86_64-w64-mingw32/14.2.0/../../../../x86_64-w64-mingw32/lib/../lib/libole32.a
LOAD C:/MinGW/mingw64/bin/../lib/gcc/x86_64-w64-mingw32/14.2.0/../../../../x86_64-w64-mingw32/lib/../lib/liboleaut32.a
LOAD C:/MinGW/mingw64/bin/../lib/gcc/x86_64-w64-mingw32/14.2.0/../../../../x86_64-w64-mingw32/lib/../lib/libuuid.a
LOAD C:/MinGW/mingw64/bin/../lib/gcc/x86_64-w64-mingw32/14.2.0/../../../../x86_64-w64-mingw32/lib/../lib/libcomdlg32.a
LOAD C:/MinGW/mingw64/bin/../lib/gcc/x86_64-w64-mingw32/14.2.0/../../../../x86_64-w64-mingw32/lib/../lib/libadvapi32.a
LOAD C:/MinGW/mingw64/bin/../lib/gcc/x86_64-w64-mingw32/14.2.0/../../../../x86_64-w64-mingw32/lib/../lib/libmingw32.a
LOAD C:/MinGW/mingw64/bin/../lib/gcc/x86_64-w64-mingw32/14.2.0/libgcc.a
LOAD C:/MinGW/mingw64/bin/../lib/gcc/x86_64-w64-mingw32/14.2.0/libgcc_eh.a
LOAD C:/MinGW/mingw64/bin/../lib/gcc/x86_64-w64-mingw32/14.2.0/../../../../x86_64-w64-mingw32/lib/../lib/libmingwex.a
LOAD C:/MinGW/mingw64/bin/../lib/gcc/x86_64-w64-mingw32/14.2.0/../../../../x86_64-w64-mingw32/lib/../lib/libmsvcrt.a
LOAD C:/MinGW/mingw64/bin/../lib/gcc/x86_64-w64-mingw32/14.2.0/../../../../x86_64-w64-mingw32/lib/../lib/libkernel32.a
LOAD C:/MinGW/mingw64/bin/../lib/gcc/x86_64-w64-mingw32/14.2.0/../../../../x86_64-w64-mingw32/lib/../lib/libpthread.dll.a
LOAD C:/MinGW/mingw64/bin/../lib/gcc/x86_64-w64-mingw32/14.2.0/../../../../x86_64-w64-mingw32/lib/../lib/libadvapi32.a
LOAD C:/MinGW/mingw64/bin/../lib/gcc/x86_64-w64-mingw32/14.2.0/../../../../x86_64-w64-mingw32/lib/../lib/libshell32.a
LOAD C:/MinGW/mingw64/bin/../lib/gcc/x86_64-w64-mingw32/14.2.0/../../../../x86_64-w64-mingw32/lib/../lib/libuser32.a
LOAD C:/MinGW/mingw64/bin/../lib/gcc/x86_64-w64-mingw32/14.2.0/../../../../x86_64-w64-mingw32/lib/../lib/libkernel32.a
LOAD C:/MinGW/mingw64/bin/../lib/gcc/x86_64-w64-mingw32/14.2.0/../../../../x86_64-w64-mingw32/lib/../lib/libmingw32.a
LOAD C:/MinGW/mingw64/bin/../lib/gcc/x86_64-w64-mingw32/14.2.0/libgcc.a
LOAD C:/MinGW/mingw64/bin/../lib/gcc/x86_64-w64-mingw32/14.2.0/libgcc_eh.a
LOAD C:/MinGW/mingw64/bin/../lib/gcc/x86_64-w64-mingw32/14.2.0/../../../../x86_64-w64-mingw32/lib/../lib/libmingwex.a
LOAD C:/MinGW/mingw64/bin/../lib/gcc/x86_64-w64-mingw32/14.2.0/../../../../x86_64-w64-mingw32/lib/../lib/libmsvcrt.a
LOAD C:/MinGW/mingw64/bin/../lib/gcc/x86_64-w64-mingw32/14.2.0/../../../../x86_64-w64-mingw32/lib/../lib/libkernel32.a
LOAD C:/MinGW/mingw64/bin/../lib/gcc/x86_64-w64-mingw32/14.2.0/crtend.o
END GROUP
                0x0000000000000458                . = SIZEOF_HEADERS
                0x0000000000001000                . = ALIGN (__section_alignment__)

.text           0x0000000140001000     0xf200
 *(SORT_NONE(.init))
 *(.text)
 .text          0x0000000140001000      0x5c0 C:/MinGW/mingw64/bin/../lib/gcc/x86_64-w64-mingw32/14.2.0/../../../../x86_64-w64-mingw32/lib/../lib/crt2.o
                0x00000001400010f6                WinMainCRTStartup
                0x0000000140001125                mainCRTStartup
                0x0000000140001583                atexit
 .text          0x00000001400015c0      0x110 C:/MinGW/mingw64/bin/../lib/gcc/x86_64-w64-mingw32/14.2.0/crtbegin.o
                0x00000001400015c0                .weak.__register_frame_info.hmod_libgcc
                0x00000001400015d0                .weak.__deregister_frame_info.hmod_libgcc
                0x00000001400015e0                __gcc_register_frame
                0x0000000140001690                __gcc_deregister_frame
 .text          0x00000001400016d0      0x680 CMakeFiles\blobs_client_sample.dir/objects.a(blobs_client_sample.c.obj)
                0x0000000140001784                main
 .text          0x0000000140001d50     0x1610 ../../../src/azure/storage/libaz_storage_blobs.a(az_storage_blobs_blob_client.c.obj)
                0x0000000140001d50                az_storage_blobs_blob_client_options_default
                0x00000001400020e3                az_storage_blobs_blob_client_init
                0x0000000140002c23                az_storage_blobs_blob_upload
                0x000000014000318d                az_storage_blobs_blob_download
 .text          0x0000000140003360        0x8 C:/MinGW/mingw64/bin/../lib/gcc/x86_64-w64-mingw32/14.2.0/../../../../lib/libcurl.dll.a(libcurl-x64.dll)
                0x0000000140003360                curl_global_cleanup
 .text          0x0000000140003368        0x8 C:/MinGW/mingw64/bin/../lib/gcc/x86_64-w64-mingw32/14.2.0/../../../../lib/libcurl.dll.a(libcurl-x64.dll)
                0x0000000140003368                curl_global_init
 .text          0x0000000140003370      0x240 ../../../src/azure/core/libaz_core.a(az_context.c.obj)
                0x0000000140003370                az_context_get_expiration
                0x00000001400033d0                az_context_get_value
                0x000000014000345c                az_context_create_with_expiration
                0x00000001400034bc                az_context_create_with_value
                0x000000014000352f                az_context_cancel
                0x000000014000355c                az_context_has_expired
 .text          0x00000001400035b0       0x70 ../../../src/azure/core/libaz_core.a(az_http_pipeline.c.obj)
                0x00000001400035b0                az_http_pipeline_process
 .text          0x0000000140003620      0x640 ../../../src/azure/core/libaz_core.a(az_http_policy.c.obj)
                0x0000000140003620                az_http_pipeline_policy_apiversion
                0x0000000140003772                az_http_pipeline_policy_telemetry
                0x0000000140003b60                az_http_pipeline_policy_credential
                0x0000000140003c25                az_http_pipeline_policy_transport
 .text          0x0000000140003c60     0x1c60 ../../../src/azure/core/libaz_core.a(az_http_policy_logging.c.obj)
                0x00000001400055e3                _az_http_policy_logging_log_http_request
                0x0000000140005664                _az_http_policy_logging_log_http_response
                0x000000014000573c                az_http_pipeline_policy_logging
 .text          0x00000001400058c0      0xdd0 ../../../src/azure/core/libaz_core.a(az_http_policy_retry.c.obj)
                0x00000001400058c0                _az_http_policy_retry_options_default
                0x00000001400058f6                az_http_pipeline_policy_retry
 .text          0x0000000140006690     0x1310 ../../../src/azure/core/libaz_core.a(az_http_request.c.obj)
                0x0000000140006690                az_http_request_init
                0x0000000140006d2f                az_http_request_set_query_parameter
                0x00000001400073bd                az_http_request_append_header
                0x00000001400077b3                az_http_request_get_header
                0x000000014000786d                az_http_request_get_method
                0x00000001400078bb                az_http_request_get_url
                0x000000014000793e                az_http_request_get_body
                0x000000014000798c                az_http_request_headers_count
 .text          0x00000001400079a0      0xcf0 ../../../src/azure/core/libaz_core.a(az_http_response.c.obj)
                0x0000000140007e2c                az_http_response_get_status_line
                0x0000000140007eb1                az_http_response_get_next_header
                0x0000000140008393                az_http_response_get_body
                0x00000001400084e3                _az_http_response_reset
                0x00000001400085a2                az_http_response_append
 .text          0x0000000140008690      0x2a0 ../../../src/azure/core/libaz_core.a(az_log.c.obj)
                0x0000000140008690                az_log_set_message_callback
                0x00000001400086a6                az_log_set_classification_filter_callback
                0x00000001400086bc                _az_log_should_write
                0x0000000140008724                _az_log_write
 .text          0x0000000140008930       0x30 ../../../src/azure/core/libaz_core.a(az_precondition.c.obj)
                0x0000000140008936                az_precondition_failed_set_callback
                0x000000014000894c                az_precondition_failed_get_callback
 .text          0x0000000140008960     0x3f70 ../../../src/azure/core/libaz_core.a(az_span.c.obj)
                0x0000000140008960                az_span_create
                0x00000001400089b8                az_span_create_from_str
                0x0000000140008a31                az_span_slice
                0x0000000140008c24                az_span_slice_to_end
                0x0000000140008c91                az_span_is_content_equal_ignoring_case
                0x0000000140008d98                az_span_atou64
                0x0000000140009066                az_span_atou32
                0x000000014000930b                az_span_atoi64
                0x00000001400095e9                az_span_atoi32
                0x0000000140009919                az_span_atod
                0x0000000140009c17                az_span_find
                0x0000000140009d80                az_span_copy
                0x0000000140009fe1                az_span_copy_u8
                0x000000014000a1e8                az_span_to_str
                0x000000014000a612                az_span_u64toa
                0x000000014000a7a4                az_span_i64toa
                0x000000014000abf3                az_span_u32toa
                0x000000014000ad90                az_span_i32toa
                0x000000014000afe4                az_span_dtoa
                0x000000014000b66f                _az_is_expected_span
                0x000000014000b847                _az_span_trim_whitespace
                0x000000014000ba0c                _az_span_trim_whitespace_from_start
                0x000000014000ba5e                _az_span_trim_whitespace_from_end
                0x000000014000bab0                _az_span_url_encode_calc_length
                0x000000014000bd32                _az_span_url_encode
                0x000000014000c431                _az_span_token
 .text          0x000000014000c8d0       0x60 ../../../src/azure/platform/libaz_win32.a(az_win32.c.obj)
                0x000000014000c8d0                az_platform_clock_msec
                0x000000014000c908                az_platform_sleep_msec
 .text          0x000000014000c930        0x8 C:/MinGW/mingw64/bin/../lib/gcc/x86_64-w64-mingw32/14.2.0/../../../../x86_64-w64-mingw32/lib/../lib/libkernel32.a(libkernel32s01618.o)
                0x000000014000c930                __C_specific_handler
 .text          0x000000014000c938        0x8 C:/MinGW/mingw64/bin/../lib/gcc/x86_64-w64-mingw32/14.2.0/../../../../x86_64-w64-mingw32/lib/../lib/libkernel32.a(libkernel32s01443.o)
                0x000000014000c938                Sleep
 .text          0x000000014000c940        0x8 C:/MinGW/mingw64/bin/../lib/gcc/x86_64-w64-mingw32/14.2.0/../../../../x86_64-w64-mingw32/lib/../lib/libkernel32.a(libkernel32s01427.o)
                0x000000014000c940                SetUnhandledExceptionFilter
 .text          0x000000014000c948        0x8 C:/MinGW/mingw64/bin/../lib/gcc/x86_64-w64-mingw32/14.2.0/../../../../x86_64-w64-mingw32/lib/../lib/libkernel32.a(libkernel32s01011.o)
                0x000000014000c948                LoadLibraryA
 .text          0x000000014000c950        0x8 C:/MinGW/mingw64/bin/../lib/gcc/x86_64-w64-mingw32/14.2.0/../../../../x86_64-w64-mingw32/lib/../lib/libkernel32.a(libkernel32s00821.o)
                0x000000014000c950                GetTickCount64
 .text          0x000000014000c958        0x8 C:/MinGW/mingw64/bin/../lib/gcc/x86_64-w64-mingw32/14.2.0/../../../../x86_64-w64-mingw32/lib/../lib/libkernel32.a(libkernel32s00725.o)
                0x000000014000c958                GetProcAddress
 .text          0x000000014000c960        0x8 C:/MinGW/mingw64/bin/../lib/gcc/x86_64-w64-mingw32/14.2.0/../../../../x86_64-w64-mingw32/lib/../lib/libkernel32.a(libkernel32s00665.o)
                0x000000014000c960                GetModuleHandleA
 .text          0x000000014000c968        0x8 C:/MinGW/mingw64/bin/../lib/gcc/x86_64-w64-mingw32/14.2.0/../../../../x86_64-w64-mingw32/lib/../lib/libkernel32.a(libkernel32s00454.o)
                0x000000014000c968                FreeLibrary
 .text          0x000000014000c970        0x0 C:/MinGW/mingw64/bin/../lib/gcc/x86_64-w64-mingw32/14.2.0/../../../../x86_64-w64-mingw32/lib/../lib/libkernel32.a(libkernel32h.o)
 .text          0x000000014000c970        0x0 C:/MinGW/mingw64/bin/../lib/gcc/x86_64-w64-mingw32/14.2.0/../../../../x86_64-w64-mingw32/lib/../lib/libkernel32.a(libkernel32t.o)
 .text          0x000000014000c970       0xe0 C:/MinGW/mingw64/bin/../lib/gcc/x86_64-w64-mingw32/14.2.0/../../../../x86_64-w64-mingw32/lib/../lib/libmingw32.a(lib64_libmingw32_a-gccmain.o)
                0x000000014000c970                __do_global_dtors
                0x000000014000c9af                __do_global_ctors
                0x000000014000ca27                __main
 .text          0x000000014000ca50        0x0 C:/MinGW/mingw64/bin/../lib/gcc/x86_64-w64-mingw32/14.2.0/../../../../x86_64-w64-mingw32/lib/../lib/libmingw32.a(lib64_libmingw32_a-natstart.o)
 .text          0x000000014000ca50        0x0 C:/MinGW/mingw64/bin/../lib/gcc/x86_64-w64-mingw32/14.2.0/../../../../x86_64-w64-mingw32/lib/../lib/libmingw32.a(lib64_libmingw32_a-wildcard.o)
 .text          0x000000014000ca50       0x10 C:/MinGW/mingw64/bin/../lib/gcc/x86_64-w64-mingw32/14.2.0/../../../../x86_64-w64-mingw32/lib/../lib/libmingw32.a(lib64_libmingw32_a-dllargv.o)
                0x000000014000ca50                _setargv
 .text          0x000000014000ca60        0x0 C:/MinGW/mingw64/bin/../lib/gcc/x86_64-w64-mingw32/14.2.0/../../../../x86_64-w64-mingw32/lib/../lib/libmingw32.a(lib64_libmingw32_a-_newmode.o)
 .text          0x000000014000ca60      0x110 C:/MinGW/mingw64/bin/../lib/gcc/x86_64-w64-mingw32/14.2.0/../../../../x86_64-w64-mingw32/lib/../lib/libmingw32.a(lib64_libmingw32_a-tlssup.o)
                0x000000014000ca60                __dyn_tls_init
                0x000000014000cb03                __tlregdtor
 .text          0x000000014000cb70        0x0 C:/MinGW/mingw64/bin/../lib/gcc/x86_64-w64-mingw32/14.2.0/../../../../x86_64-w64-mingw32/lib/../lib/libmingw32.a(lib64_libmingw32_a-xncommod.o)
 .text          0x000000014000cb70        0x0 C:/MinGW/mingw64/bin/../lib/gcc/x86_64-w64-mingw32/14.2.0/../../../../x86_64-w64-mingw32/lib/../lib/libmingw32.a(lib64_libmingw32_a-cinitexe.o)
 .text          0x000000014000cb70      0x120 C:/MinGW/mingw64/bin/../lib/gcc/x86_64-w64-mingw32/14.2.0/../../../../x86_64-w64-mingw32/lib/../lib/libmingw32.a(lib64_libmingw32_a-merr.o)
                0x000000014000cb70                _matherr
 .text          0x000000014000cc90        0x0 C:/MinGW/mingw64/bin/../lib/gcc/x86_64-w64-mingw32/14.2.0/../../../../x86_64-w64-mingw32/lib/../lib/libmingw32.a(lib64_libmingw32_a-xthdloc.o)
 .text          0x000000014000cc90       0x10 C:/MinGW/mingw64/bin/../lib/gcc/x86_64-w64-mingw32/14.2.0/../../../../x86_64-w64-mingw32/lib/../lib/libmingw32.a(lib64_libmingw32_a-CRT_fp10.o)
                0x000000014000cc90                fpreset
                0x000000014000cc90                _fpreset
 .text          0x000000014000cca0        0x0 C:/MinGW/mingw64/bin/../lib/gcc/x86_64-w64-mingw32/14.2.0/../../../../x86_64-w64-mingw32/lib/../lib/libmingw32.a(lib64_libmingw32_a-mingw_helpers.o)
 .text          0x000000014000cca0      0x8a0 C:/MinGW/mingw64/bin/../lib/gcc/x86_64-w64-mingw32/14.2.0/../../../../x86_64-w64-mingw32/lib/../lib/libmingw32.a(lib64_libmingw32_a-pseudo-reloc.o)
                0x000000014000d498                _pei386_runtime_relocator
 .text          0x000000014000d540       0xa0 C:/MinGW/mingw64/bin/../lib/gcc/x86_64-w64-mingw32/14.2.0/../../../../x86_64-w64-mingw32/lib/../lib/libmingw32.a(lib64_libmingw32_a-usermatherr.o)
                0x000000014000d540                __mingw_raise_matherr
                0x000000014000d5aa                __mingw_setusermatherr
 .text          0x000000014000d5e0        0x0 C:/MinGW/mingw64/bin/../lib/gcc/x86_64-w64-mingw32/14.2.0/../../../../x86_64-w64-mingw32/lib/../lib/libmingw32.a(lib64_libmingw32_a-xtxtmode.o)
 .text          0x000000014000d5e0      0x230 C:/MinGW/mingw64/bin/../lib/gcc/x86_64-w64-mingw32/14.2.0/../../../../x86_64-w64-mingw32/lib/../lib/libmingw32.a(lib64_libmingw32_a-crt_handler.o)
                0x000000014000d5e0                _gnu_exception_handler
 .text          0x000000014000d810      0x300 C:/MinGW/mingw64/bin/../lib/gcc/x86_64-w64-mingw32/14.2.0/../../../../x86_64-w64-mingw32/lib/../lib/libmingw32.a(lib64_libmingw32_a-tlsthrd.o)
                0x000000014000d810                ___w64_mingwthr_add_key_dtor
                0x000000014000d8b1                ___w64_mingwthr_remove_key_dtor
                0x000000014000da11                __mingw_TLScallback
 .text          0x000000014000db10        0x0 C:/MinGW/mingw64/bin/../lib/gcc/x86_64-w64-mingw32/14.2.0/../../../../x86_64-w64-mingw32/lib/../lib/libmingw32.a(lib64_libmingw32_a-tlsmcrt.o)
 .text          0x000000014000db10        0x0 C:/MinGW/mingw64/bin/../lib/gcc/x86_64-w64-mingw32/14.2.0/../../../../x86_64-w64-mingw32/lib/../lib/libmingw32.a(lib64_libmingw32_a-pseudo-reloc-list.o)
 .text          0x000000014000db10      0x4b0 C:/MinGW/mingw64/bin/../lib/gcc/x86_64-w64-mingw32/14.2.0/../../../../x86_64-w64-mingw32/lib/../lib/libmingw32.a(lib64_libmingw32_a-pesect.o)
                0x000000014000db10                _ValidateImageBase
                0x000000014000db8c                _FindPESection
                0x000000014000dc25                _FindPESectionByName
                0x000000014000dceb                __mingw_GetSectionForAddress
                0x000000014000dd3b                __mingw_GetSectionCount
                0x000000014000dd8b                _FindPESectionExec
                0x000000014000de37                _GetPEImageBase
                0x000000014000de6b                _IsNonwritableInCurrentImage
                0x000000014000dedc                __mingw_enum_import_library_names
 .text          0x000000014000dfc0       0x40 C:/MinGW/mingw64/bin/../lib/gcc/x86_64-w64-mingw32/14.2.0/libgcc.a(_chkstk_ms.o)
                0x000000014000dfc0                ___chkstk_ms
 .text          0x000000014000e000        0x0 C:/MinGW/mingw64/bin/../lib/gcc/x86_64-w64-mingw32/14.2.0/libgcc.a(_ctors.o)
 .text          0x000000014000e000        0x0 C:/MinGW/mingw64/bin/../lib/gcc/x86_64-w64-mingw32/14.2.0/../../../../x86_64-w64-mingw32/lib/../lib/libmingwex.a(lib64_libmingwex_a-mingw_matherr.o)
 .text          0x000000014000e000       0x50 C:/MinGW/mingw64/bin/../lib/gcc/x86_64-w64-mingw32/14.2.0/../../../../x86_64-w64-mingw32/lib/../lib/libmsvcrt.a(lib64_libucrt_extra_a-ucrt_vfprintf.o)
                0x000000014000e000                vfprintf
 .text          0x000000014000e050       0x60 C:/MinGW/mingw64/bin/../lib/gcc/x86_64-w64-mingw32/14.2.0/../../../../x86_64-w64-mingw32/lib/../lib/libmsvcrt.a(lib64_libucrt_extra_a-ucrt_sscanf.o)
                0x000000014000e050                sscanf
 .text          0x000000014000e0b0       0x60 C:/MinGW/mingw64/bin/../lib/gcc/x86_64-w64-mingw32/14.2.0/../../../../x86_64-w64-mingw32/lib/../lib/libmsvcrt.a(lib64_libucrt_extra_a-ucrt_printf.o)
                0x000000014000e0b0                printf
 .text          0x000000014000e110       0x60 C:/MinGW/mingw64/bin/../lib/gcc/x86_64-w64-mingw32/14.2.0/../../../../x86_64-w64-mingw32/lib/../lib/libmsvcrt.a(lib64_libucrt_extra_a-ucrt_fprintf.o)
                0x000000014000e110                fprintf
 .text          0x000000014000e170        0x0 C:/MinGW/mingw64/bin/../lib/gcc/x86_64-w64-mingw32/14.2.0/../../../../x86_64-w64-mingw32/lib/../lib/libmsvcrt.a(lib64_libucrt_extra_a-__initenv.o)
 .text          0x000000014000e170      0x250 C:/MinGW/mingw64/bin/../lib/gcc/x86_64-w64-mingw32/14.2.0/../../../../x86_64-w64-mingw32/lib/../lib/libmsvcrt.a(lib64_libucrt_extra_a-ucrtbase_compat.o)
                0x000000014000e170                __getmainargs
                0x000000014000e1f0                __wgetmainargs
                0x000000014000e270                _onexit
                0x000000014000e29d                at_quick_exit
                0x000000014000e2d0                _amsg_exit
                0x000000014000e308                _get_output_format
                0x000000014000e313                _tzset
                0x000000014000e352                tzset
                0x000000014000e366                __ms_fwprintf
 .text          0x000000014000e3c0        0x8 C:/MinGW/mingw64/bin/../lib/gcc/x86_64-w64-mingw32/14.2.0/../../../../x86_64-w64-mingw32/lib/../lib/libmsvcrt.a(libapi-ms-win-crt-time-l1-1-0s00010.o)
                0x000000014000e3c0                __daylight
 .text          0x000000014000e3c8        0x8 C:/MinGW/mingw64/bin/../lib/gcc/x86_64-w64-mingw32/14.2.0/../../../../x86_64-w64-mingw32/lib/../lib/libmsvcrt.a(libapi-ms-win-crt-time-l1-1-0s00012.o)
                0x000000014000e3c8                __timezone
 .text          0x000000014000e3d0        0x8 C:/MinGW/mingw64/bin/../lib/gcc/x86_64-w64-mingw32/14.2.0/../../../../x86_64-w64-mingw32/lib/../lib/libmsvcrt.a(libapi-ms-win-crt-time-l1-1-0s00013.o)
                0x000000014000e3d0                __tzname
 .text          0x000000014000e3d8        0x0 C:/MinGW/mingw64/bin/../lib/gcc/x86_64-w64-mingw32/14.2.0/../../../../x86_64-w64-mingw32/lib/../lib/libmsvcrt.a(libapi-ms-win-crt-time-l1-1-0s00061.o)
 *fill*         0x000000014000e3d8        0x8 
 .text          0x000000014000e3e0        0x0 C:/MinGW/mingw64/bin/../lib/gcc/x86_64-w64-mingw32/14.2.0/../../../../x86_64-w64-mingw32/lib/../lib/libmsvcrt.a(libapi-ms-win-crt-time-l1-1-0h.o)
 .text          0x000000014000e3e0        0x0 C:/MinGW/mingw64/bin/../lib/gcc/x86_64-w64-mingw32/14.2.0/../../../../x86_64-w64-mingw32/lib/../lib/libmsvcrt.a(libapi-ms-win-crt-time-l1-1-0t.o)
 .text          0x000000014000e3e0        0x8 C:/MinGW/mingw64/bin/../lib/gcc/x86_64-w64-mingw32/14.2.0/../../../../x86_64-w64-mingw32/lib/../lib/libmsvcrt.a(libapi-ms-win-crt-string-l1-1-0s00159.o)
                0x000000014000e3e0                memset
 .text          0x000000014000e3e8        0x8 C:/MinGW/mingw64/bin/../lib/gcc/x86_64-w64-mingw32/14.2.0/../../../../x86_64-w64-mingw32/lib/../lib/libmsvcrt.a(libapi-ms-win-crt-string-l1-1-0s00167.o)
                0x000000014000e3e8                strlen
 .text          0x000000014000e3f0        0x8 C:/MinGW/mingw64/bin/../lib/gcc/x86_64-w64-mingw32/14.2.0/../../../../x86_64-w64-mingw32/lib/../lib/libmsvcrt.a(libapi-ms-win-crt-string-l1-1-0s00170.o)
                0x000000014000e3f0                strncmp
 *fill*         0x000000014000e3f8        0x8 
 .text          0x000000014000e400        0x0 C:/MinGW/mingw64/bin/../lib/gcc/x86_64-w64-mingw32/14.2.0/../../../../x86_64-w64-mingw32/lib/../lib/libmsvcrt.a(libapi-ms-win-crt-string-l1-1-0h.o)
 .text          0x000000014000e400        0x0 C:/MinGW/mingw64/bin/../lib/gcc/x86_64-w64-mingw32/14.2.0/../../../../x86_64-w64-mingw32/lib/../lib/libmsvcrt.a(libapi-ms-win-crt-string-l1-1-0t.o)
 .text          0x000000014000e400        0x8 C:/MinGW/mingw64/bin/../lib/gcc/x86_64-w64-mingw32/14.2.0/../../../../x86_64-w64-mingw32/lib/../lib/libmsvcrt.a(libapi-ms-win-crt-stdio-l1-1-0s00000.o)
                0x000000014000e400                __acrt_iob_func
 .text          0x000000014000e408        0x8 C:/MinGW/mingw64/bin/../lib/gcc/x86_64-w64-mingw32/14.2.0/../../../../x86_64-w64-mingw32/lib/../lib/libmsvcrt.a(libapi-ms-win-crt-stdio-l1-1-0s00001.o)
                0x000000014000e408                __p__commode
 .text          0x000000014000e410        0x8 C:/MinGW/mingw64/bin/../lib/gcc/x86_64-w64-mingw32/14.2.0/../../../../x86_64-w64-mingw32/lib/../lib/libmsvcrt.a(libapi-ms-win-crt-stdio-l1-1-0s00002.o)
                0x000000014000e410                __p__fmode
 .text          0x000000014000e418        0x8 C:/MinGW/mingw64/bin/../lib/gcc/x86_64-w64-mingw32/14.2.0/../../../../x86_64-w64-mingw32/lib/../lib/libmsvcrt.a(libapi-ms-win-crt-stdio-l1-1-0s00003.o)
                0x000000014000e418                __stdio_common_vfprintf
 .text          0x000000014000e420        0x8 C:/MinGW/mingw64/bin/../lib/gcc/x86_64-w64-mingw32/14.2.0/../../../../x86_64-w64-mingw32/lib/../lib/libmsvcrt.a(libapi-ms-win-crt-stdio-l1-1-0s00007.o)
                0x000000014000e420                __stdio_common_vfwprintf
 .text          0x000000014000e428        0x8 C:/MinGW/mingw64/bin/../lib/gcc/x86_64-w64-mingw32/14.2.0/../../../../x86_64-w64-mingw32/lib/../lib/libmsvcrt.a(libapi-ms-win-crt-stdio-l1-1-0s00016.o)
                0x000000014000e428                __stdio_common_vsscanf
 .text          0x000000014000e430        0x8 C:/MinGW/mingw64/bin/../lib/gcc/x86_64-w64-mingw32/14.2.0/../../../../x86_64-w64-mingw32/lib/../lib/libmsvcrt.a(libapi-ms-win-crt-stdio-l1-1-0s00169.o)
                0x000000014000e430                fwrite
 .text          0x000000014000e438        0x8 C:/MinGW/mingw64/bin/../lib/gcc/x86_64-w64-mingw32/14.2.0/../../../../x86_64-w64-mingw32/lib/../lib/libmsvcrt.a(libapi-ms-win-crt-stdio-l1-1-0s00178.o)
                0x000000014000e438                puts
 .text          0x000000014000e440        0x0 C:/MinGW/mingw64/bin/../lib/gcc/x86_64-w64-mingw32/14.2.0/../../../../x86_64-w64-mingw32/lib/../lib/libmsvcrt.a(libapi-ms-win-crt-stdio-l1-1-0h.o)
 .text          0x000000014000e440        0x0 C:/MinGW/mingw64/bin/../lib/gcc/x86_64-w64-mingw32/14.2.0/../../../../x86_64-w64-mingw32/lib/../lib/libmsvcrt.a(libapi-ms-win-crt-stdio-l1-1-0t.o)
 .text          0x000000014000e440        0x8 C:/MinGW/mingw64/bin/../lib/gcc/x86_64-w64-mingw32/14.2.0/../../../../x86_64-w64-mingw32/lib/../lib/libmsvcrt.a(libapi-ms-win-crt-runtime-l1-1-0s00004.o)
                0x000000014000e440                __p___argc
 .text          0x000000014000e448        0x8 C:/MinGW/mingw64/bin/../lib/gcc/x86_64-w64-mingw32/14.2.0/../../../../x86_64-w64-mingw32/lib/../lib/libmsvcrt.a(libapi-ms-win-crt-runtime-l1-1-0s00005.o)
                0x000000014000e448                __p___argv
 .text          0x000000014000e450        0x8 C:/MinGW/mingw64/bin/../lib/gcc/x86_64-w64-mingw32/14.2.0/../../../../x86_64-w64-mingw32/lib/../lib/libmsvcrt.a(libapi-ms-win-crt-runtime-l1-1-0s00006.o)
                0x000000014000e450                __p___wargv
 .text          0x000000014000e458        0x8 C:/MinGW/mingw64/bin/../lib/gcc/x86_64-w64-mingw32/14.2.0/../../../../x86_64-w64-mingw32/lib/../lib/libmsvcrt.a(libapi-ms-win-crt-runtime-l1-1-0s00022.o)
                0x000000014000e458                _cexit
 .text          0x000000014000e460        0x8 C:/MinGW/mingw64/bin/../lib/gcc/x86_64-w64-mingw32/14.2.0/../../../../x86_64-w64-mingw32/lib/../lib/libmsvcrt.a(libapi-ms-win-crt-runtime-l1-1-0s00024.o)
                0x000000014000e460                _configure_narrow_argv
 .text          0x000000014000e468        0x8 C:/MinGW/mingw64/bin/../lib/gcc/x86_64-w64-mingw32/14.2.0/../../../../x86_64-w64-mingw32/lib/../lib/libmsvcrt.a(libapi-ms-win-crt-runtime-l1-1-0s00025.o)
                0x000000014000e468                _configure_wide_argv
 .text          0x000000014000e470        0x8 C:/MinGW/mingw64/bin/../lib/gcc/x86_64-w64-mingw32/14.2.0/../../../../x86_64-w64-mingw32/lib/../lib/libmsvcrt.a(libapi-ms-win-crt-runtime-l1-1-0s00029.o)
                0x000000014000e470                _crt_at_quick_exit
 .text          0x000000014000e478        0x8 C:/MinGW/mingw64/bin/../lib/gcc/x86_64-w64-mingw32/14.2.0/../../../../x86_64-w64-mingw32/lib/../lib/libmsvcrt.a(libapi-ms-win-crt-runtime-l1-1-0s00030.o)
                0x000000014000e478                _crt_atexit
 .text          0x000000014000e480        0x8 C:/MinGW/mingw64/bin/../lib/gcc/x86_64-w64-mingw32/14.2.0/../../../../x86_64-w64-mingw32/lib/../lib/libmsvcrt.a(libapi-ms-win-crt-runtime-l1-1-0s00036.o)
                0x000000014000e480                _exit
 .text          0x000000014000e488        0x8 C:/MinGW/mingw64/bin/../lib/gcc/x86_64-w64-mingw32/14.2.0/../../../../x86_64-w64-mingw32/lib/../lib/libmsvcrt.a(libapi-ms-win-crt-runtime-l1-1-0s00053.o)
                0x000000014000e488                _initialize_narrow_environment
 .text          0x000000014000e490        0x8 C:/MinGW/mingw64/bin/../lib/gcc/x86_64-w64-mingw32/14.2.0/../../../../x86_64-w64-mingw32/lib/../lib/libmsvcrt.a(libapi-ms-win-crt-runtime-l1-1-0s00055.o)
                0x000000014000e490                _initialize_wide_environment
 .text          0x000000014000e498        0x8 C:/MinGW/mingw64/bin/../lib/gcc/x86_64-w64-mingw32/14.2.0/../../../../x86_64-w64-mingw32/lib/../lib/libmsvcrt.a(libapi-ms-win-crt-runtime-l1-1-0s00056.o)
                0x000000014000e498                _initterm
 .text          0x000000014000e4a0        0x8 C:/MinGW/mingw64/bin/../lib/gcc/x86_64-w64-mingw32/14.2.0/../../../../x86_64-w64-mingw32/lib/../lib/libmsvcrt.a(libapi-ms-win-crt-runtime-l1-1-0s00068.o)
                0x000000014000e4a0                __set_app_type
 .text          0x000000014000e4a8        0x8 C:/MinGW/mingw64/bin/../lib/gcc/x86_64-w64-mingw32/14.2.0/../../../../x86_64-w64-mingw32/lib/../lib/libmsvcrt.a(libapi-ms-win-crt-runtime-l1-1-0s00074.o)
                0x000000014000e4a8                _set_invalid_parameter_handler
 .text          0x000000014000e4b0        0x8 C:/MinGW/mingw64/bin/../lib/gcc/x86_64-w64-mingw32/14.2.0/../../../../x86_64-w64-mingw32/lib/../lib/libmsvcrt.a(libapi-ms-win-crt-runtime-l1-1-0s00087.o)
                0x000000014000e4b0                abort
 .text          0x000000014000e4b8        0x8 C:/MinGW/mingw64/bin/../lib/gcc/x86_64-w64-mingw32/14.2.0/../../../../x86_64-w64-mingw32/lib/../lib/libmsvcrt.a(libapi-ms-win-crt-runtime-l1-1-0s00088.o)
                0x000000014000e4b8                exit
 .text          0x000000014000e4c0        0x8 C:/MinGW/mingw64/bin/../lib/gcc/x86_64-w64-mingw32/14.2.0/../../../../x86_64-w64-mingw32/lib/../lib/libmsvcrt.a(libapi-ms-win-crt-runtime-l1-1-0s00102.o)
                0x000000014000e4c0                signal
 *fill*         0x000000014000e4c8        0x8 
 .text          0x000000014000e4d0        0x0 C:/MinGW/mingw64/bin/../lib/gcc/x86_64-w64-mingw32/14.2.0/../../../../x86_64-w64-mingw32/lib/../lib/libmsvcrt.a(libapi-ms-win-crt-runtime-l1-1-0h.o)
 .text          0x000000014000e4d0        0x0 C:/MinGW/mingw64/bin/../lib/gcc/x86_64-w64-mingw32/14.2.0/../../../../x86_64-w64-mingw32/lib/../lib/libmsvcrt.a(libapi-ms-win-crt-runtime-l1-1-0t.o)
 .text          0x000000014000e4d0        0x8 C:/MinGW/mingw64/bin/../lib/gcc/x86_64-w64-mingw32/14.2.0/../../../../x86_64-w64-mingw32/lib/../lib/libmsvcrt.a(libapi-ms-win-crt-private-l1-1-0s01142.o)
                0x000000014000e4d0                memcmp
 .text          0x000000014000e4d8        0x8 C:/MinGW/mingw64/bin/../lib/gcc/x86_64-w64-mingw32/14.2.0/../../../../x86_64-w64-mingw32/lib/../lib/libmsvcrt.a(libapi-ms-win-crt-private-l1-1-0s01143.o)
                0x000000014000e4d8                memcpy
 .text          0x000000014000e4e0        0x8 C:/MinGW/mingw64/bin/../lib/gcc/x86_64-w64-mingw32/14.2.0/../../../../x86_64-w64-mingw32/lib/../lib/libmsvcrt.a(libapi-ms-win-crt-private-l1-1-0s01144.o)
                0x000000014000e4e0                memmove
 *fill*         0x000000014000e4e8        0x8 
 .text          0x000000014000e4f0        0x0 C:/MinGW/mingw64/bin/../lib/gcc/x86_64-w64-mingw32/14.2.0/../../../../x86_64-w64-mingw32/lib/../lib/libmsvcrt.a(libapi-ms-win-crt-private-l1-1-0h.o)
 .text          0x000000014000e4f0        0x0 C:/MinGW/mingw64/bin/../lib/gcc/x86_64-w64-mingw32/14.2.0/../../../../x86_64-w64-mingw32/lib/../lib/libmsvcrt.a(libapi-ms-win-crt-private-l1-1-0t.o)
 .text          0x000000014000e4f0        0x8 C:/MinGW/mingw64/bin/../lib/gcc/x86_64-w64-mingw32/14.2.0/../../../../x86_64-w64-mingw32/lib/../lib/libmsvcrt.a(libapi-ms-win-crt-math-l1-1-0s00009.o)
                0x000000014000e4f0                __setusermatherr
 .text          0x000000014000e4f8        0x8 C:/MinGW/mingw64/bin/../lib/gcc/x86_64-w64-mingw32/14.2.0/../../../../x86_64-w64-mingw32/lib/../lib/libmsvcrt.a(libapi-ms-win-crt-math-l1-1-0s00247.o)
                0x000000014000e4f8                modf
 .text          0x000000014000e500        0x0 C:/MinGW/mingw64/bin/../lib/gcc/x86_64-w64-mingw32/14.2.0/../../../../x86_64-w64-mingw32/lib/../lib/libmsvcrt.a(libapi-ms-win-crt-math-l1-1-0h.o)
 .text          0x000000014000e500        0x0 C:/MinGW/mingw64/bin/../lib/gcc/x86_64-w64-mingw32/14.2.0/../../../../x86_64-w64-mingw32/lib/../lib/libmsvcrt.a(libapi-ms-win-crt-math-l1-1-0t.o)
 .text          0x000000014000e500        0x8 C:/MinGW/mingw64/bin/../lib/gcc/x86_64-w64-mingw32/14.2.0/../../../../x86_64-w64-mingw32/lib/../lib/libmsvcrt.a(libapi-ms-win-crt-heap-l1-1-0s00023.o)
                0x000000014000e500                _set_new_mode
 .text          0x000000014000e508        0x8 C:/MinGW/mingw64/bin/../lib/gcc/x86_64-w64-mingw32/14.2.0/../../../../x86_64-w64-mingw32/lib/../lib/libmsvcrt.a(libapi-ms-win-crt-heap-l1-1-0s00024.o)
                0x000000014000e508                calloc
 .text          0x000000014000e510        0x8 C:/MinGW/mingw64/bin/../lib/gcc/x86_64-w64-mingw32/14.2.0/../../../../x86_64-w64-mingw32/lib/../lib/libmsvcrt.a(libapi-ms-win-crt-heap-l1-1-0s00025.o)
                0x000000014000e510                free
 .text          0x000000014000e518        0x8 C:/MinGW/mingw64/bin/../lib/gcc/x86_64-w64-mingw32/14.2.0/../../../../x86_64-w64-mingw32/lib/../lib/libmsvcrt.a(libapi-ms-win-crt-heap-l1-1-0s00026.o)
                0x000000014000e518                malloc
 .text          0x000000014000e520        0x0 C:/MinGW/mingw64/bin/../lib/gcc/x86_64-w64-mingw32/14.2.0/../../../../x86_64-w64-mingw32/lib/../lib/libmsvcrt.a(libapi-ms-win-crt-heap-l1-1-0h.o)
 .text          0x000000014000e520        0x0 C:/MinGW/mingw64/bin/../lib/gcc/x86_64-w64-mingw32/14.2.0/../../../../x86_64-w64-mingw32/lib/../lib/libmsvcrt.a(libapi-ms-win-crt-heap-l1-1-0t.o)
 .text          0x000000014000e520        0x8 C:/MinGW/mingw64/bin/../lib/gcc/x86_64-w64-mingw32/14.2.0/../../../../x86_64-w64-mingw32/lib/../lib/libmsvcrt.a(libapi-ms-win-crt-environment-l1-1-0s00000.o)
                0x000000014000e520                __p__environ
 .text          0x000000014000e528        0x8 C:/MinGW/mingw64/bin/../lib/gcc/x86_64-w64-mingw32/14.2.0/../../../../x86_64-w64-mingw32/lib/../lib/libmsvcrt.a(libapi-ms-win-crt-environment-l1-1-0s00001.o)
                0x000000014000e528                __p__wenviron
 .text          0x000000014000e530        0x8 C:/MinGW/mingw64/bin/../lib/gcc/x86_64-w64-mingw32/14.2.0/../../../../x86_64-w64-mingw32/lib/../lib/libmsvcrt.a(libapi-ms-win-crt-environment-l1-1-0s00018.o)
                0x000000014000e530                getenv
 *fill*         0x000000014000e538        0x8 
 .text          0x000000014000e540        0x0 C:/MinGW/mingw64/bin/../lib/gcc/x86_64-w64-mingw32/14.2.0/../../../../x86_64-w64-mingw32/lib/../lib/libmsvcrt.a(libapi-ms-win-crt-environment-l1-1-0h.o)
 .text          0x000000014000e540        0x0 C:/MinGW/mingw64/bin/../lib/gcc/x86_64-w64-mingw32/14.2.0/../../../../x86_64-w64-mingw32/lib/../lib/libmsvcrt.a(libapi-ms-win-crt-environment-l1-1-0t.o)
 .text          0x000000014000e540        0x8 C:/MinGW/mingw64/bin/../lib/gcc/x86_64-w64-mingw32/14.2.0/../../../../x86_64-w64-mingw32/lib/../lib/libkernel32.a(libkernel32s01528.o)
                0x000000014000e540                VirtualQuery
 .text          0x000000014000e548        0x8 C:/MinGW/mingw64/bin/../lib/gcc/x86_64-w64-mingw32/14.2.0/../../../../x86_64-w64-mingw32/lib/../lib/libkernel32.a(libkernel32s01526.o)
                0x000000014000e548                VirtualProtect
 .text          0x000000014000e550        0x8 C:/MinGW/mingw64/bin/../lib/gcc/x86_64-w64-mingw32/14.2.0/../../../../x86_64-w64-mingw32/lib/../lib/libkernel32.a(libkernel32s01479.o)
                0x000000014000e550                TlsGetValue
 .text          0x000000014000e558        0x8 C:/MinGW/mingw64/bin/../lib/gcc/x86_64-w64-mingw32/14.2.0/../../../../x86_64-w64-mingw32/lib/../lib/libkernel32.a(libkernel32s01007.o)
                0x000000014000e558                LeaveCriticalSection
 .text          0x000000014000e560        0x8 C:/MinGW/mingw64/bin/../lib/gcc/x86_64-w64-mingw32/14.2.0/../../../../x86_64-w64-mingw32/lib/../lib/libkernel32.a(libkernel32s00913.o)
                0x000000014000e560                InitializeCriticalSection
 .text          0x000000014000e568        0x8 C:/MinGW/mingw64/bin/../lib/gcc/x86_64-w64-mingw32/14.2.0/../../../../x86_64-w64-mingw32/lib/../lib/libkernel32.a(libkernel32s00643.o)
                0x000000014000e568                GetLastError
 .text          0x000000014000e570        0x8 C:/MinGW/mingw64/bin/../lib/gcc/x86_64-w64-mingw32/14.2.0/../../../../x86_64-w64-mingw32/lib/../lib/libkernel32.a(libkernel32s00330.o)
                0x000000014000e570                EnterCriticalSection
 .text          0x000000014000e578        0x8 C:/MinGW/mingw64/bin/../lib/gcc/x86_64-w64-mingw32/14.2.0/../../../../x86_64-w64-mingw32/lib/../lib/libkernel32.a(libkernel32s00292.o)
                0x000000014000e578                DeleteCriticalSection
 .text          0x000000014000e580        0x0 C:/MinGW/mingw64/bin/../lib/gcc/x86_64-w64-mingw32/14.2.0/crtend.o
 .text          0x000000014000e580     0x1ab0 ../../../src/azure/platform/libaz_curl.a(az_curl.c.obj)
                0x000000014000fea5                az_http_client_send_request
 .text          0x0000000140010030        0x8 C:/MinGW/mingw64/bin/../lib/gcc/x86_64-w64-mingw32/14.2.0/../../../../lib/libcurl.dll.a(libcurl-x64.dll)
                0x0000000140010030                curl_easy_cleanup
 .text          0x0000000140010038        0x8 C:/MinGW/mingw64/bin/../lib/gcc/x86_64-w64-mingw32/14.2.0/../../../../lib/libcurl.dll.a(libcurl-x64.dll)
                0x0000000140010038                curl_easy_init
 .text          0x0000000140010040        0x8 C:/MinGW/mingw64/bin/../lib/gcc/x86_64-w64-mingw32/14.2.0/../../../../lib/libcurl.dll.a(libcurl-x64.dll)
                0x0000000140010040                curl_easy_perform
 .text          0x0000000140010048        0x8 C:/MinGW/mingw64/bin/../lib/gcc/x86_64-w64-mingw32/14.2.0/../../../../lib/libcurl.dll.a(libcurl-x64.dll)
                0x0000000140010048                curl_easy_setopt
 .text          0x0000000140010050        0x8 C:/MinGW/mingw64/bin/../lib/gcc/x86_64-w64-mingw32/14.2.0/../../../../lib/libcurl.dll.a(libcurl-x64.dll)
                0x0000000140010050                curl_slist_append
 .text          0x0000000140010058        0x8 C:/MinGW/mingw64/bin/../lib/gcc/x86_64-w64-mingw32/14.2.0/../../../../lib/libcurl.dll.a(libcurl-x64.dll)
                0x0000000140010058                curl_slist_free_all
 *(SORT_BY_NAME(.text$*))
 *(.text.*)
 .text.startup  0x0000000140010060       0x10 C:/MinGW/mingw64/bin/../lib/gcc/x86_64-w64-mingw32/14.2.0/crtend.o
 *(.gnu.linkonce.t.*)
 *(.glue_7t)
 *(.glue_7)
                0x0000000140010070                . = ALIGN (0x8)
                0x0000000140010070                ___CTOR_LIST__ = .
                0x0000000140010070                __CTOR_LIST__ = .
                0x0000000140010070        0x4 LONG 0xffffffffffffffff
                0x0000000140010074        0x4 LONG 0xffffffffffffffff
 *(.ctors)
 *(.ctor)
 *(SORT_BY_NAME(.ctors.*))
 .ctors.65535   0x0000000140010078        0x8 C:/MinGW/mingw64/bin/../lib/gcc/x86_64-w64-mingw32/14.2.0/crtend.o
                0x0000000140010080        0x4 LONG 0x0
                0x0000000140010084        0x4 LONG 0x0
                0x0000000140010088                ___DTOR_LIST__ = .
                0x0000000140010088                __DTOR_LIST__ = .
                0x0000000140010088        0x4 LONG 0xffffffffffffffff
                0x000000014001008c        0x4 LONG 0xffffffffffffffff
 *(.dtors)
 *(.dtor)
 *(SORT_BY_NAME(.dtors.*))
                0x0000000140010090        0x4 LONG 0x0
                0x0000000140010094        0x4 LONG 0x0
 *(SORT_NONE(.fini))
 *(.gcc_exc)
                [!provide]                        PROVIDE (etext = .)
 *(.gcc_except_table)

.data           0x0000000140011000      0x200
                0x0000000140011000                __data_start__ = .
 *(.data)
 .data          0x0000000140011000        0x0 C:/MinGW/mingw64/bin/../lib/gcc/x86_64-w64-mingw32/14.2.0/../../../../x86_64-w64-mingw32/lib/../lib/crt2.o
 .data          0x0000000140011000       0x10 C:/MinGW/mingw64/bin/../lib/gcc/x86_64-w64-mingw32/14.2.0/crtbegin.o
 .data          0x0000000140011010       0x10 CMakeFiles\blobs_client_sample.dir/objects.a(blobs_client_sample.c.obj)
 .data          0x0000000140011020        0x0 ../../../src/azure/storage/libaz_storage_blobs.a(az_storage_blobs_blob_client.c.obj)
 .data          0x0000000140011020       0x20 ../../../src/azure/core/libaz_core.a(az_context.c.obj)
                0x0000000140011020                az_context_application
 .data          0x0000000140011040        0x0 ../../../src/azure/core/libaz_core.a(az_http_pipeline.c.obj)
 .data          0x0000000140011040        0x0 ../../../src/azure/core/libaz_core.a(az_http_policy.c.obj)
 .data          0x0000000140011040        0x0 ../../../src/azure/core/libaz_core.a(az_http_policy_logging.c.obj)
 .data          0x0000000140011040        0x0 ../../../src/azure/core/libaz_core.a(az_http_policy_retry.c.obj)
 .data          0x0000000140011040        0x0 ../../../src/azure/core/libaz_core.a(az_http_request.c.obj)
 .data          0x0000000140011040        0x0 ../../../src/azure/core/libaz_core.a(az_http_response.c.obj)
 .data          0x0000000140011040        0x0 ../../../src/azure/core/libaz_core.a(az_log.c.obj)
 .data          0x0000000140011040       0x10 ../../../src/azure/core/libaz_core.a(az_precondition.c.obj)
                0x0000000140011040                _az_precondition_failed_callback
 .data          0x0000000140011050        0x0 ../../../src/azure/core/libaz_core.a(az_span.c.obj)
 .data          0x0000000140011050        0x0 ../../../src/azure/platform/libaz_win32.a(az_win32.c.obj)
 .data          0x0000000140011050        0x0 C:/MinGW/mingw64/bin/../lib/gcc/x86_64-w64-mingw32/14.2.0/../../../../x86_64-w64-mingw32/lib/../lib/libkernel32.a(libkernel32s01618.o)
 .data          0x0000000140011050        0x0 C:/MinGW/mingw64/bin/../lib/gcc/x86_64-w64-mingw32/14.2.0/../../../../x86_64-w64-mingw32/lib/../lib/libkernel32.a(libkernel32s01443.o)
 .data          0x0000000140011050        0x0 C:/MinGW/mingw64/bin/../lib/gcc/x86_64-w64-mingw32/14.2.0/../../../../x86_64-w64-mingw32/lib/../lib/libkernel32.a(libkernel32s01427.o)
 .data          0x0000000140011050        0x0 C:/MinGW/mingw64/bin/../lib/gcc/x86_64-w64-mingw32/14.2.0/../../../../x86_64-w64-mingw32/lib/../lib/libkernel32.a(libkernel32s01011.o)
 .data          0x0000000140011050        0x0 C:/MinGW/mingw64/bin/../lib/gcc/x86_64-w64-mingw32/14.2.0/../../../../x86_64-w64-mingw32/lib/../lib/libkernel32.a(libkernel32s00821.o)
 .data          0x0000000140011050        0x0 C:/MinGW/mingw64/bin/../lib/gcc/x86_64-w64-mingw32/14.2.0/../../../../x86_64-w64-mingw32/lib/../lib/libkernel32.a(libkernel32s00725.o)
 .data          0x0000000140011050        0x0 C:/MinGW/mingw64/bin/../lib/gcc/x86_64-w64-mingw32/14.2.0/../../../../x86_64-w64-mingw32/lib/../lib/libkernel32.a(libkernel32s00665.o)
 .data          0x0000000140011050        0x0 C:/MinGW/mingw64/bin/../lib/gcc/x86_64-w64-mingw32/14.2.0/../../../../x86_64-w64-mingw32/lib/../lib/libkernel32.a(libkernel32s00454.o)
 .data          0x0000000140011050        0x0 C:/MinGW/mingw64/bin/../lib/gcc/x86_64-w64-mingw32/14.2.0/../../../../x86_64-w64-mingw32/lib/../lib/libkernel32.a(libkernel32h.o)
 .data          0x0000000140011050        0x0 C:/MinGW/mingw64/bin/../lib/gcc/x86_64-w64-mingw32/14.2.0/../../../../x86_64-w64-mingw32/lib/../lib/libkernel32.a(libkernel32t.o)
 .data          0x0000000140011050       0x10 C:/MinGW/mingw64/bin/../lib/gcc/x86_64-w64-mingw32/14.2.0/../../../../x86_64-w64-mingw32/lib/../lib/libmingw32.a(lib64_libmingw32_a-gccmain.o)
 .data          0x0000000140011060       0x10 C:/MinGW/mingw64/bin/../lib/gcc/x86_64-w64-mingw32/14.2.0/../../../../x86_64-w64-mingw32/lib/../lib/libmingw32.a(lib64_libmingw32_a-natstart.o)
                0x0000000140011060                __native_dllmain_reason
                0x0000000140011064                __native_vcclrit_reason
 .data          0x0000000140011070       0x10 C:/MinGW/mingw64/bin/../lib/gcc/x86_64-w64-mingw32/14.2.0/../../../../x86_64-w64-mingw32/lib/../lib/libmingw32.a(lib64_libmingw32_a-wildcard.o)
                0x0000000140011070                _dowildcard
 .data          0x0000000140011080        0x0 C:/MinGW/mingw64/bin/../lib/gcc/x86_64-w64-mingw32/14.2.0/../../../../x86_64-w64-mingw32/lib/../lib/libmingw32.a(lib64_libmingw32_a-dllargv.o)
 .data          0x0000000140011080        0x0 C:/MinGW/mingw64/bin/../lib/gcc/x86_64-w64-mingw32/14.2.0/../../../../x86_64-w64-mingw32/lib/../lib/libmingw32.a(lib64_libmingw32_a-_newmode.o)
 .data          0x0000000140011080        0x0 C:/MinGW/mingw64/bin/../lib/gcc/x86_64-w64-mingw32/14.2.0/../../../../x86_64-w64-mingw32/lib/../lib/libmingw32.a(lib64_libmingw32_a-tlssup.o)
 .data          0x0000000140011080        0x0 C:/MinGW/mingw64/bin/../lib/gcc/x86_64-w64-mingw32/14.2.0/../../../../x86_64-w64-mingw32/lib/../lib/libmingw32.a(lib64_libmingw32_a-xncommod.o)
 .data          0x0000000140011080        0x0 C:/MinGW/mingw64/bin/../lib/gcc/x86_64-w64-mingw32/14.2.0/../../../../x86_64-w64-mingw32/lib/../lib/libmingw32.a(lib64_libmingw32_a-cinitexe.o)
 .data          0x0000000140011080        0x0 C:/MinGW/mingw64/bin/../lib/gcc/x86_64-w64-mingw32/14.2.0/../../../../x86_64-w64-mingw32/lib/../lib/libmingw32.a(lib64_libmingw32_a-merr.o)
 .data          0x0000000140011080       0x10 C:/MinGW/mingw64/bin/../lib/gcc/x86_64-w64-mingw32/14.2.0/../../../../x86_64-w64-mingw32/lib/../lib/libmingw32.a(lib64_libmingw32_a-xthdloc.o)
                0x0000000140011080                __globallocalestatus
 .data          0x0000000140011090        0x0 C:/MinGW/mingw64/bin/../lib/gcc/x86_64-w64-mingw32/14.2.0/../../../../x86_64-w64-mingw32/lib/../lib/libmingw32.a(lib64_libmingw32_a-CRT_fp10.o)
 .data          0x0000000140011090        0x0 C:/MinGW/mingw64/bin/../lib/gcc/x86_64-w64-mingw32/14.2.0/../../../../x86_64-w64-mingw32/lib/../lib/libmingw32.a(lib64_libmingw32_a-mingw_helpers.o)
 .data          0x0000000140011090        0x0 C:/MinGW/mingw64/bin/../lib/gcc/x86_64-w64-mingw32/14.2.0/../../../../x86_64-w64-mingw32/lib/../lib/libmingw32.a(lib64_libmingw32_a-pseudo-reloc.o)
 .data          0x0000000140011090        0x0 C:/MinGW/mingw64/bin/../lib/gcc/x86_64-w64-mingw32/14.2.0/../../../../x86_64-w64-mingw32/lib/../lib/libmingw32.a(lib64_libmingw32_a-usermatherr.o)
 .data          0x0000000140011090        0x0 C:/MinGW/mingw64/bin/../lib/gcc/x86_64-w64-mingw32/14.2.0/../../../../x86_64-w64-mingw32/lib/../lib/libmingw32.a(lib64_libmingw32_a-xtxtmode.o)
 .data          0x0000000140011090        0x0 C:/MinGW/mingw64/bin/../lib/gcc/x86_64-w64-mingw32/14.2.0/../../../../x86_64-w64-mingw32/lib/../lib/libmingw32.a(lib64_libmingw32_a-crt_handler.o)
 .data          0x0000000140011090        0x0 C:/MinGW/mingw64/bin/../lib/gcc/x86_64-w64-mingw32/14.2.0/../../../../x86_64-w64-mingw32/lib/../lib/libmingw32.a(lib64_libmingw32_a-tlsthrd.o)
 .data          0x0000000140011090       0x10 C:/MinGW/mingw64/bin/../lib/gcc/x86_64-w64-mingw32/14.2.0/../../../../x86_64-w64-mingw32/lib/../lib/libmingw32.a(lib64_libmingw32_a-tlsmcrt.o)
                0x0000000140011090                _CRT_MT
 .data          0x00000001400110a0        0x0 C:/MinGW/mingw64/bin/../lib/gcc/x86_64-w64-mingw32/14.2.0/../../../../x86_64-w64-mingw32/lib/../lib/libmingw32.a(lib64_libmingw32_a-pseudo-reloc-list.o)
 .data          0x00000001400110a0        0x0 C:/MinGW/mingw64/bin/../lib/gcc/x86_64-w64-mingw32/14.2.0/../../../../x86_64-w64-mingw32/lib/../lib/libmingw32.a(lib64_libmingw32_a-pesect.o)
 .data          0x00000001400110a0        0x0 C:/MinGW/mingw64/bin/../lib/gcc/x86_64-w64-mingw32/14.2.0/libgcc.a(_chkstk_ms.o)
 .data          0x00000001400110a0        0x0 C:/MinGW/mingw64/bin/../lib/gcc/x86_64-w64-mingw32/14.2.0/libgcc.a(_ctors.o)
 .data          0x00000001400110a0       0x10 C:/MinGW/mingw64/bin/../lib/gcc/x86_64-w64-mingw32/14.2.0/../../../../x86_64-w64-mingw32/lib/../lib/libmingwex.a(lib64_libmingwex_a-mingw_matherr.o)
                0x00000001400110a0                _MINGW_INSTALL_DEBUG_MATHERR
 .data          0x00000001400110b0       0x10 C:/MinGW/mingw64/bin/../lib/gcc/x86_64-w64-mingw32/14.2.0/../../../../x86_64-w64-mingw32/lib/../lib/libmsvcrt.a(lib64_libucrt_extra_a-ucrt_vfprintf.o)
                0x00000001400110b0                __imp_vfprintf
 .data          0x00000001400110c0       0x10 C:/MinGW/mingw64/bin/../lib/gcc/x86_64-w64-mingw32/14.2.0/../../../../x86_64-w64-mingw32/lib/../lib/libmsvcrt.a(lib64_libucrt_extra_a-ucrt_sscanf.o)
                0x00000001400110c0                __imp_sscanf
 .data          0x00000001400110d0       0x10 C:/MinGW/mingw64/bin/../lib/gcc/x86_64-w64-mingw32/14.2.0/../../../../x86_64-w64-mingw32/lib/../lib/libmsvcrt.a(lib64_libucrt_extra_a-ucrt_printf.o)
                0x00000001400110d0                __imp_printf
 .data          0x00000001400110e0       0x10 C:/MinGW/mingw64/bin/../lib/gcc/x86_64-w64-mingw32/14.2.0/../../../../x86_64-w64-mingw32/lib/../lib/libmsvcrt.a(lib64_libucrt_extra_a-ucrt_fprintf.o)
                0x00000001400110e0                __imp_fprintf
 .data          0x00000001400110f0       0x10 C:/MinGW/mingw64/bin/../lib/gcc/x86_64-w64-mingw32/14.2.0/../../../../x86_64-w64-mingw32/lib/../lib/libmsvcrt.a(lib64_libucrt_extra_a-__initenv.o)
                0x00000001400110f0                __imp___initenv
                0x00000001400110f8                __imp___winitenv
 .data          0x0000000140011100       0x80 C:/MinGW/mingw64/bin/../lib/gcc/x86_64-w64-mingw32/14.2.0/../../../../x86_64-w64-mingw32/lib/../lib/libmsvcrt.a(lib64_libucrt_extra_a-ucrtbase_compat.o)
                0x0000000140011100                __imp__onexit
                0x0000000140011108                __imp_at_quick_exit
                0x0000000140011138                __imp_tzname
                0x0000000140011140                __imp_timezone
                0x0000000140011148                __imp_daylight
                0x0000000140011150                __imp___getmainargs
                0x0000000140011158                __imp___wgetmainargs
                0x0000000140011160                __imp__amsg_exit
                0x0000000140011168                __imp__get_output_format
                0x0000000140011170                __imp_tzset
                0x0000000140011178                __imp___ms_fwprintf
 .data          0x0000000140011180        0x0 C:/MinGW/mingw64/bin/../lib/gcc/x86_64-w64-mingw32/14.2.0/../../../../x86_64-w64-mingw32/lib/../lib/libmsvcrt.a(libapi-ms-win-crt-time-l1-1-0s00010.o)
 .data          0x0000000140011180        0x0 C:/MinGW/mingw64/bin/../lib/gcc/x86_64-w64-mingw32/14.2.0/../../../../x86_64-w64-mingw32/lib/../lib/libmsvcrt.a(libapi-ms-win-crt-time-l1-1-0s00012.o)
 .data          0x0000000140011180        0x0 C:/MinGW/mingw64/bin/../lib/gcc/x86_64-w64-mingw32/14.2.0/../../../../x86_64-w64-mingw32/lib/../lib/libmsvcrt.a(libapi-ms-win-crt-time-l1-1-0s00013.o)
 .data          0x0000000140011180        0x0 C:/MinGW/mingw64/bin/../lib/gcc/x86_64-w64-mingw32/14.2.0/../../../../x86_64-w64-mingw32/lib/../lib/libmsvcrt.a(libapi-ms-win-crt-time-l1-1-0s00061.o)
 .data          0x0000000140011180        0x0 C:/MinGW/mingw64/bin/../lib/gcc/x86_64-w64-mingw32/14.2.0/../../../../x86_64-w64-mingw32/lib/../lib/libmsvcrt.a(libapi-ms-win-crt-time-l1-1-0h.o)
 .data          0x0000000140011180        0x0 C:/MinGW/mingw64/bin/../lib/gcc/x86_64-w64-mingw32/14.2.0/../../../../x86_64-w64-mingw32/lib/../lib/libmsvcrt.a(libapi-ms-win-crt-time-l1-1-0t.o)
 .data          0x0000000140011180        0x0 C:/MinGW/mingw64/bin/../lib/gcc/x86_64-w64-mingw32/14.2.0/../../../../x86_64-w64-mingw32/lib/../lib/libmsvcrt.a(libapi-ms-win-crt-string-l1-1-0s00159.o)
 .data          0x0000000140011180        0x0 C:/MinGW/mingw64/bin/../lib/gcc/x86_64-w64-mingw32/14.2.0/../../../../x86_64-w64-mingw32/lib/../lib/libmsvcrt.a(libapi-ms-win-crt-string-l1-1-0s00167.o)
 .data          0x0000000140011180        0x0 C:/MinGW/mingw64/bin/../lib/gcc/x86_64-w64-mingw32/14.2.0/../../../../x86_64-w64-mingw32/lib/../lib/libmsvcrt.a(libapi-ms-win-crt-string-l1-1-0s00170.o)
 .data          0x0000000140011180        0x0 C:/MinGW/mingw64/bin/../lib/gcc/x86_64-w64-mingw32/14.2.0/../../../../x86_64-w64-mingw32/lib/../lib/libmsvcrt.a(libapi-ms-win-crt-string-l1-1-0h.o)
 .data          0x0000000140011180        0x0 C:/MinGW/mingw64/bin/../lib/gcc/x86_64-w64-mingw32/14.2.0/../../../../x86_64-w64-mingw32/lib/../lib/libmsvcrt.a(libapi-ms-win-crt-string-l1-1-0t.o)
 .data          0x0000000140011180        0x0 C:/MinGW/mingw64/bin/../lib/gcc/x86_64-w64-mingw32/14.2.0/../../../../x86_64-w64-mingw32/lib/../lib/libmsvcrt.a(libapi-ms-win-crt-stdio-l1-1-0s00000.o)
 .data          0x0000000140011180        0x0 C:/MinGW/mingw64/bin/../lib/gcc/x86_64-w64-mingw32/14.2.0/../../../../x86_64-w64-mingw32/lib/../lib/libmsvcrt.a(libapi-ms-win-crt-stdio-l1-1-0s00001.o)
 .data          0x0000000140011180        0x0 C:/MinGW/mingw64/bin/../lib/gcc/x86_64-w64-mingw32/14.2.0/../../../../x86_64-w64-mingw32/lib/../lib/libmsvcrt.a(libapi-ms-win-crt-stdio-l1-1-0s00002.o)
 .data          0x0000000140011180        0x0 C:/MinGW/mingw64/bin/../lib/gcc/x86_64-w64-mingw32/14.2.0/../../../../x86_64-w64-mingw32/lib/../lib/libmsvcrt.a(libapi-ms-win-crt-stdio-l1-1-0s00003.o)
 .data          0x0000000140011180        0x0 C:/MinGW/mingw64/bin/../lib/gcc/x86_64-w64-mingw32/14.2.0/../../../../x86_64-w64-mingw32/lib/../lib/libmsvcrt.a(libapi-ms-win-crt-stdio-l1-1-0s00007.o)
 .data          0x0000000140011180        0x0 C:/MinGW/mingw64/bin/../lib/gcc/x86_64-w64-mingw32/14.2.0/../../../../x86_64-w64-mingw32/lib/../lib/libmsvcrt.a(libapi-ms-win-crt-stdio-l1-1-0s00016.o)
 .data          0x0000000140011180        0x0 C:/MinGW/mingw64/bin/../lib/gcc/x86_64-w64-mingw32/14.2.0/../../../../x86_64-w64-mingw32/lib/../lib/libmsvcrt.a(libapi-ms-win-crt-stdio-l1-1-0s00169.o)
 .data          0x0000000140011180        0x0 C:/MinGW/mingw64/bin/../lib/gcc/x86_64-w64-mingw32/14.2.0/../../../../x86_64-w64-mingw32/lib/../lib/libmsvcrt.a(libapi-ms-win-crt-stdio-l1-1-0s00178.o)
 .data          0x0000000140011180        0x0 C:/MinGW/mingw64/bin/../lib/gcc/x86_64-w64-mingw32/14.2.0/../../../../x86_64-w64-mingw32/lib/../lib/libmsvcrt.a(libapi-ms-win-crt-stdio-l1-1-0h.o)
 .data          0x0000000140011180        0x0 C:/MinGW/mingw64/bin/../lib/gcc/x86_64-w64-mingw32/14.2.0/../../../../x86_64-w64-mingw32/lib/../lib/libmsvcrt.a(libapi-ms-win-crt-stdio-l1-1-0t.o)
 .data          0x0000000140011180        0x0 C:/MinGW/mingw64/bin/../lib/gcc/x86_64-w64-mingw32/14.2.0/../../../../x86_64-w64-mingw32/lib/../lib/libmsvcrt.a(libapi-ms-win-crt-runtime-l1-1-0s00004.o)
 .data          0x0000000140011180        0x0 C:/MinGW/mingw64/bin/../lib/gcc/x86_64-w64-mingw32/14.2.0/../../../../x86_64-w64-mingw32/lib/../lib/libmsvcrt.a(libapi-ms-win-crt-runtime-l1-1-0s00005.o)
 .data          0x0000000140011180        0x0 C:/MinGW/mingw64/bin/../lib/gcc/x86_64-w64-mingw32/14.2.0/../../../../x86_64-w64-mingw32/lib/../lib/libmsvcrt.a(libapi-ms-win-crt-runtime-l1-1-0s00006.o)
 .data          0x0000000140011180        0x0 C:/MinGW/mingw64/bin/../lib/gcc/x86_64-w64-mingw32/14.2.0/../../../../x86_64-w64-mingw32/lib/../lib/libmsvcrt.a(libapi-ms-win-crt-runtime-l1-1-0s00022.o)
 .data          0x0000000140011180        0x0 C:/MinGW/mingw64/bin/../lib/gcc/x86_64-w64-mingw32/14.2.0/../../../../x86_64-w64-mingw32/lib/../lib/libmsvcrt.a(libapi-ms-win-crt-runtime-l1-1-0s00024.o)
 .data          0x0000000140011180        0x0 C:/MinGW/mingw64/bin/../lib/gcc/x86_64-w64-mingw32/14.2.0/../../../../x86_64-w64-mingw32/lib/../lib/libmsvcrt.a(libapi-ms-win-crt-runtime-l1-1-0s00025.o)
 .data          0x0000000140011180        0x0 C:/MinGW/mingw64/bin/../lib/gcc/x86_64-w64-mingw32/14.2.0/../../../../x86_64-w64-mingw32/lib/../lib/libmsvcrt.a(libapi-ms-win-crt-runtime-l1-1-0s00029.o)
 .data          0x0000000140011180        0x0 C:/MinGW/mingw64/bin/../lib/gcc/x86_64-w64-mingw32/14.2.0/../../../../x86_64-w64-mingw32/lib/../lib/libmsvcrt.a(libapi-ms-win-crt-runtime-l1-1-0s00030.o)
 .data          0x0000000140011180        0x0 C:/MinGW/mingw64/bin/../lib/gcc/x86_64-w64-mingw32/14.2.0/../../../../x86_64-w64-mingw32/lib/../lib/libmsvcrt.a(libapi-ms-win-crt-runtime-l1-1-0s00036.o)
 .data          0x0000000140011180        0x0 C:/MinGW/mingw64/bin/../lib/gcc/x86_64-w64-mingw32/14.2.0/../../../../x86_64-w64-mingw32/lib/../lib/libmsvcrt.a(libapi-ms-win-crt-runtime-l1-1-0s00053.o)
 .data          0x0000000140011180        0x0 C:/MinGW/mingw64/bin/../lib/gcc/x86_64-w64-mingw32/14.2.0/../../../../x86_64-w64-mingw32/lib/../lib/libmsvcrt.a(libapi-ms-win-crt-runtime-l1-1-0s00055.o)
 .data          0x0000000140011180        0x0 C:/MinGW/mingw64/bin/../lib/gcc/x86_64-w64-mingw32/14.2.0/../../../../x86_64-w64-mingw32/lib/../lib/libmsvcrt.a(libapi-ms-win-crt-runtime-l1-1-0s00056.o)
 .data          0x0000000140011180        0x0 C:/MinGW/mingw64/bin/../lib/gcc/x86_64-w64-mingw32/14.2.0/../../../../x86_64-w64-mingw32/lib/../lib/libmsvcrt.a(libapi-ms-win-crt-runtime-l1-1-0s00068.o)
 .data          0x0000000140011180        0x0 C:/MinGW/mingw64/bin/../lib/gcc/x86_64-w64-mingw32/14.2.0/../../../../x86_64-w64-mingw32/lib/../lib/libmsvcrt.a(libapi-ms-win-crt-runtime-l1-1-0s00074.o)
 .data          0x0000000140011180        0x0 C:/MinGW/mingw64/bin/../lib/gcc/x86_64-w64-mingw32/14.2.0/../../../../x86_64-w64-mingw32/lib/../lib/libmsvcrt.a(libapi-ms-win-crt-runtime-l1-1-0s00087.o)
 .data          0x0000000140011180        0x0 C:/MinGW/mingw64/bin/../lib/gcc/x86_64-w64-mingw32/14.2.0/../../../../x86_64-w64-mingw32/lib/../lib/libmsvcrt.a(libapi-ms-win-crt-runtime-l1-1-0s00088.o)
 .data          0x0000000140011180        0x0 C:/MinGW/mingw64/bin/../lib/gcc/x86_64-w64-mingw32/14.2.0/../../../../x86_64-w64-mingw32/lib/../lib/libmsvcrt.a(libapi-ms-win-crt-runtime-l1-1-0s00102.o)
 .data          0x0000000140011180        0x0 C:/MinGW/mingw64/bin/../lib/gcc/x86_64-w64-mingw32/14.2.0/../../../../x86_64-w64-mingw32/lib/../lib/libmsvcrt.a(libapi-ms-win-crt-runtime-l1-1-0h.o)
 .data          0x0000000140011180        0x0 C:/MinGW/mingw64/bin/../lib/gcc/x86_64-w64-mingw32/14.2.0/../../../../x86_64-w64-mingw32/lib/../lib/libmsvcrt.a(libapi-ms-win-crt-runtime-l1-1-0t.o)
 .data          0x0000000140011180        0x0 C:/MinGW/mingw64/bin/../lib/gcc/x86_64-w64-mingw32/14.2.0/../../../../x86_64-w64-mingw32/lib/../lib/libmsvcrt.a(libapi-ms-win-crt-private-l1-1-0s01142.o)
 .data          0x0000000140011180        0x0 C:/MinGW/mingw64/bin/../lib/gcc/x86_64-w64-mingw32/14.2.0/../../../../x86_64-w64-mingw32/lib/../lib/libmsvcrt.a(libapi-ms-win-crt-private-l1-1-0s01143.o)
 .data          0x0000000140011180        0x0 C:/MinGW/mingw64/bin/../lib/gcc/x86_64-w64-mingw32/14.2.0/../../../../x86_64-w64-mingw32/lib/../lib/libmsvcrt.a(libapi-ms-win-crt-private-l1-1-0s01144.o)
 .data          0x0000000140011180        0x0 C:/MinGW/mingw64/bin/../lib/gcc/x86_64-w64-mingw32/14.2.0/../../../../x86_64-w64-mingw32/lib/../lib/libmsvcrt.a(libapi-ms-win-crt-private-l1-1-0h.o)
 .data          0x0000000140011180        0x0 C:/MinGW/mingw64/bin/../lib/gcc/x86_64-w64-mingw32/14.2.0/../../../../x86_64-w64-mingw32/lib/../lib/libmsvcrt.a(libapi-ms-win-crt-private-l1-1-0t.o)
 .data          0x0000000140011180        0x0 C:/MinGW/mingw64/bin/../lib/gcc/x86_64-w64-mingw32/14.2.0/../../../../x86_64-w64-mingw32/lib/../lib/libmsvcrt.a(libapi-ms-win-crt-math-l1-1-0s00009.o)
 .data          0x0000000140011180        0x0 C:/MinGW/mingw64/bin/../lib/gcc/x86_64-w64-mingw32/14.2.0/../../../../x86_64-w64-mingw32/lib/../lib/libmsvcrt.a(libapi-ms-win-crt-math-l1-1-0s00247.o)
 .data          0x0000000140011180        0x0 C:/MinGW/mingw64/bin/../lib/gcc/x86_64-w64-mingw32/14.2.0/../../../../x86_64-w64-mingw32/lib/../lib/libmsvcrt.a(libapi-ms-win-crt-math-l1-1-0h.o)
 .data          0x0000000140011180        0x0 C:/MinGW/mingw64/bin/../lib/gcc/x86_64-w64-mingw32/14.2.0/../../../../x86_64-w64-mingw32/lib/../lib/libmsvcrt.a(libapi-ms-win-crt-math-l1-1-0t.o)
 .data          0x0000000140011180        0x0 C:/MinGW/mingw64/bin/../lib/gcc/x86_64-w64-mingw32/14.2.0/../../../../x86_64-w64-mingw32/lib/../lib/libmsvcrt.a(libapi-ms-win-crt-heap-l1-1-0s00023.o)
 .data          0x0000000140011180        0x0 C:/MinGW/mingw64/bin/../lib/gcc/x86_64-w64-mingw32/14.2.0/../../../../x86_64-w64-mingw32/lib/../lib/libmsvcrt.a(libapi-ms-win-crt-heap-l1-1-0s00024.o)
 .data          0x0000000140011180        0x0 C:/MinGW/mingw64/bin/../lib/gcc/x86_64-w64-mingw32/14.2.0/../../../../x86_64-w64-mingw32/lib/../lib/libmsvcrt.a(libapi-ms-win-crt-heap-l1-1-0s00025.o)
 .data          0x0000000140011180        0x0 C:/MinGW/mingw64/bin/../lib/gcc/x86_64-w64-mingw32/14.2.0/../../../../x86_64-w64-mingw32/lib/../lib/libmsvcrt.a(libapi-ms-win-crt-heap-l1-1-0s00026.o)
 .data          0x0000000140011180        0x0 C:/MinGW/mingw64/bin/../lib/gcc/x86_64-w64-mingw32/14.2.0/../../../../x86_64-w64-mingw32/lib/../lib/libmsvcrt.a(libapi-ms-win-crt-heap-l1-1-0h.o)
 .data          0x0000000140011180        0x0 C:/MinGW/mingw64/bin/../lib/gcc/x86_64-w64-mingw32/14.2.0/../../../../x86_64-w64-mingw32/lib/../lib/libmsvcrt.a(libapi-ms-win-crt-heap-l1-1-0t.o)
 .data          0x0000000140011180        0x0 C:/MinGW/mingw64/bin/../lib/gcc/x86_64-w64-mingw32/14.2.0/../../../../x86_64-w64-mingw32/lib/../lib/libmsvcrt.a(libapi-ms-win-crt-environment-l1-1-0s00000.o)
 .data          0x0000000140011180        0x0 C:/MinGW/mingw64/bin/../lib/gcc/x86_64-w64-mingw32/14.2.0/../../../../x86_64-w64-mingw32/lib/../lib/libmsvcrt.a(libapi-ms-win-crt-environment-l1-1-0s00001.o)
 .data          0x0000000140011180        0x0 C:/MinGW/mingw64/bin/../lib/gcc/x86_64-w64-mingw32/14.2.0/../../../../x86_64-w64-mingw32/lib/../lib/libmsvcrt.a(libapi-ms-win-crt-environment-l1-1-0s00018.o)
 .data          0x0000000140011180        0x0 C:/MinGW/mingw64/bin/../lib/gcc/x86_64-w64-mingw32/14.2.0/../../../../x86_64-w64-mingw32/lib/../lib/libmsvcrt.a(libapi-ms-win-crt-environment-l1-1-0h.o)
 .data          0x0000000140011180        0x0 C:/MinGW/mingw64/bin/../lib/gcc/x86_64-w64-mingw32/14.2.0/../../../../x86_64-w64-mingw32/lib/../lib/libmsvcrt.a(libapi-ms-win-crt-environment-l1-1-0t.o)
 .data          0x0000000140011180        0x0 C:/MinGW/mingw64/bin/../lib/gcc/x86_64-w64-mingw32/14.2.0/../../../../x86_64-w64-mingw32/lib/../lib/libkernel32.a(libkernel32s01528.o)
 .data          0x0000000140011180        0x0 C:/MinGW/mingw64/bin/../lib/gcc/x86_64-w64-mingw32/14.2.0/../../../../x86_64-w64-mingw32/lib/../lib/libkernel32.a(libkernel32s01526.o)
 .data          0x0000000140011180        0x0 C:/MinGW/mingw64/bin/../lib/gcc/x86_64-w64-mingw32/14.2.0/../../../../x86_64-w64-mingw32/lib/../lib/libkernel32.a(libkernel32s01479.o)
 .data          0x0000000140011180        0x0 C:/MinGW/mingw64/bin/../lib/gcc/x86_64-w64-mingw32/14.2.0/../../../../x86_64-w64-mingw32/lib/../lib/libkernel32.a(libkernel32s01007.o)
 .data          0x0000000140011180        0x0 C:/MinGW/mingw64/bin/../lib/gcc/x86_64-w64-mingw32/14.2.0/../../../../x86_64-w64-mingw32/lib/../lib/libkernel32.a(libkernel32s00913.o)
 .data          0x0000000140011180        0x0 C:/MinGW/mingw64/bin/../lib/gcc/x86_64-w64-mingw32/14.2.0/../../../../x86_64-w64-mingw32/lib/../lib/libkernel32.a(libkernel32s00643.o)
 .data          0x0000000140011180        0x0 C:/MinGW/mingw64/bin/../lib/gcc/x86_64-w64-mingw32/14.2.0/../../../../x86_64-w64-mingw32/lib/../lib/libkernel32.a(libkernel32s00330.o)
 .data          0x0000000140011180        0x0 C:/MinGW/mingw64/bin/../lib/gcc/x86_64-w64-mingw32/14.2.0/../../../../x86_64-w64-mingw32/lib/../lib/libkernel32.a(libkernel32s00292.o)
 .data          0x0000000140011180        0x0 C:/MinGW/mingw64/bin/../lib/gcc/x86_64-w64-mingw32/14.2.0/crtend.o
 .data          0x0000000140011180        0x0 ../../../src/azure/platform/libaz_curl.a(az_curl.c.obj)
 *(.data2)
 *(SORT_BY_NAME(.data$*))
 *(.jcr)
                0x0000000140011180                __data_end__ = .
 *(.data_cygwin_nocopy)

.rdata          0x0000000140012000     0x1c00
 *(.rdata)
 .rdata         0x0000000140012000       0x50 C:/MinGW/mingw64/bin/../lib/gcc/x86_64-w64-mingw32/14.2.0/crtbegin.o
 .rdata         0x0000000140012050      0x260 CMakeFiles\blobs_client_sample.dir/objects.a(blobs_client_sample.c.obj)
 .rdata         0x00000001400122b0       0xa0 ../../../src/azure/storage/libaz_storage_blobs.a(az_storage_blobs_blob_client.c.obj)
 .rdata         0x0000000140012350       0x20 ../../../src/azure/core/libaz_core.a(az_http_policy.c.obj)
 .rdata         0x0000000140012370       0x80 ../../../src/azure/core/libaz_core.a(az_http_policy_logging.c.obj)
 .rdata         0x00000001400123f0       0x60 ../../../src/azure/core/libaz_core.a(az_http_policy_retry.c.obj)
 *fill*         0x0000000140012450       0x10 
 .rdata         0x0000000140012460      0x100 ../../../src/azure/core/libaz_core.a(az_http_request.c.obj)
 .rdata         0x0000000140012560      0x160 ../../../src/azure/core/libaz_core.a(az_http_response.c.obj)
 .rdata         0x00000001400126c0       0x30 ../../../src/azure/core/libaz_core.a(az_span.c.obj)
 *fill*         0x00000001400126f0       0x10 
 .rdata         0x0000000140012700       0x40 C:/MinGW/mingw64/bin/../lib/gcc/x86_64-w64-mingw32/14.2.0/../../../../x86_64-w64-mingw32/lib/../lib/libmingw32.a(lib64_libmingw32_a-tlssup.o)
                0x0000000140012700                _tls_used
                0x0000000140012728                __dyn_tls_init_callback
 .rdata         0x0000000140012740      0x140 C:/MinGW/mingw64/bin/../lib/gcc/x86_64-w64-mingw32/14.2.0/../../../../x86_64-w64-mingw32/lib/../lib/libmingw32.a(lib64_libmingw32_a-merr.o)
 .rdata         0x0000000140012880      0x160 C:/MinGW/mingw64/bin/../lib/gcc/x86_64-w64-mingw32/14.2.0/../../../../x86_64-w64-mingw32/lib/../lib/libmingw32.a(lib64_libmingw32_a-pseudo-reloc.o)
 .rdata         0x00000001400129e0       0x30 C:/MinGW/mingw64/bin/../lib/gcc/x86_64-w64-mingw32/14.2.0/../../../../x86_64-w64-mingw32/lib/../lib/libmingw32.a(lib64_libmingw32_a-crt_handler.o)
 .rdata         0x0000000140012a10       0x20 C:/MinGW/mingw64/bin/../lib/gcc/x86_64-w64-mingw32/14.2.0/../../../../x86_64-w64-mingw32/lib/../lib/libmsvcrt.a(lib64_libucrt_extra_a-ucrtbase_compat.o)
 .rdata         0x0000000140012a30       0x90 ../../../src/azure/platform/libaz_curl.a(az_curl.c.obj)
 *(SORT_BY_NAME(.rdata$*))
 .rdata$.refptr._CRT_MT
                0x0000000140012ac0       0x10 C:/MinGW/mingw64/bin/../lib/gcc/x86_64-w64-mingw32/14.2.0/../../../../x86_64-w64-mingw32/lib/../lib/libmingw32.a(lib64_libmingw32_a-tlssup.o)
                0x0000000140012ac0                .refptr._CRT_MT
 .rdata$.refptr._MINGW_INSTALL_DEBUG_MATHERR
                0x0000000140012ad0       0x10 C:/MinGW/mingw64/bin/../lib/gcc/x86_64-w64-mingw32/14.2.0/../../../../x86_64-w64-mingw32/lib/../lib/crt2.o
                0x0000000140012ad0                .refptr._MINGW_INSTALL_DEBUG_MATHERR
 .rdata$.refptr.__CTOR_LIST__
                0x0000000140012ae0       0x10 C:/MinGW/mingw64/bin/../lib/gcc/x86_64-w64-mingw32/14.2.0/../../../../x86_64-w64-mingw32/lib/../lib/libmingw32.a(lib64_libmingw32_a-gccmain.o)
                0x0000000140012ae0                .refptr.__CTOR_LIST__
 .rdata$.refptr.__ImageBase
                0x0000000140012af0       0x10 C:/MinGW/mingw64/bin/../lib/gcc/x86_64-w64-mingw32/14.2.0/../../../../x86_64-w64-mingw32/lib/../lib/crt2.o
                0x0000000140012af0                .refptr.__ImageBase
 .rdata$.refptr.__RUNTIME_PSEUDO_RELOC_LIST_END__
                0x0000000140012b00       0x10 C:/MinGW/mingw64/bin/../lib/gcc/x86_64-w64-mingw32/14.2.0/../../../../x86_64-w64-mingw32/lib/../lib/libmingw32.a(lib64_libmingw32_a-pseudo-reloc.o)
                0x0000000140012b00                .refptr.__RUNTIME_PSEUDO_RELOC_LIST_END__
 .rdata$.refptr.__RUNTIME_PSEUDO_RELOC_LIST__
                0x0000000140012b10       0x10 C:/MinGW/mingw64/bin/../lib/gcc/x86_64-w64-mingw32/14.2.0/../../../../x86_64-w64-mingw32/lib/../lib/libmingw32.a(lib64_libmingw32_a-pseudo-reloc.o)
                0x0000000140012b10                .refptr.__RUNTIME_PSEUDO_RELOC_LIST__
 .rdata$.refptr.__dyn_tls_init_callback
                0x0000000140012b20       0x10 C:/MinGW/mingw64/bin/../lib/gcc/x86_64-w64-mingw32/14.2.0/../../../../x86_64-w64-mingw32/lib/../lib/crt2.o
                0x0000000140012b20                .refptr.__dyn_tls_init_callback
 .rdata$.refptr.__globallocalestatus
                0x0000000140012b30       0x10 C:/MinGW/mingw64/bin/../lib/gcc/x86_64-w64-mingw32/14.2.0/../../../../x86_64-w64-mingw32/lib/../lib/crt2.o
                0x0000000140012b30                .refptr.__globallocalestatus
 .rdata$.refptr.__imp___initenv
                0x0000000140012b40       0x10 C:/MinGW/mingw64/bin/../lib/gcc/x86_64-w64-mingw32/14.2.0/../../../../x86_64-w64-mingw32/lib/../lib/crt2.o
                0x0000000140012b40                .refptr.__imp___initenv
 .rdata$.refptr.__imp__tzset
                0x0000000140012b50       0x10 C:/MinGW/mingw64/bin/../lib/gcc/x86_64-w64-mingw32/14.2.0/../../../../x86_64-w64-mingw32/lib/../lib/libmsvcrt.a(lib64_libucrt_extra_a-ucrtbase_compat.o)
                0x0000000140012b50                .refptr.__imp__tzset
 .rdata$.refptr.__mingw_app_type
                0x0000000140012b60       0x10 C:/MinGW/mingw64/bin/../lib/gcc/x86_64-w64-mingw32/14.2.0/../../../../x86_64-w64-mingw32/lib/../lib/crt2.o
                0x0000000140012b60                .refptr.__mingw_app_type
 .rdata$.refptr.__mingw_initltsdrot_force
                0x0000000140012b70       0x10 C:/MinGW/mingw64/bin/../lib/gcc/x86_64-w64-mingw32/14.2.0/../../../../x86_64-w64-mingw32/lib/../lib/crt2.o
                0x0000000140012b70                .refptr.__mingw_initltsdrot_force
 .rdata$.refptr.__mingw_initltsdyn_force
                0x0000000140012b80       0x10 C:/MinGW/mingw64/bin/../lib/gcc/x86_64-w64-mingw32/14.2.0/../../../../x86_64-w64-mingw32/lib/../lib/crt2.o
                0x0000000140012b80                .refptr.__mingw_initltsdyn_force
 .rdata$.refptr.__mingw_initltssuo_force
                0x0000000140012b90       0x10 C:/MinGW/mingw64/bin/../lib/gcc/x86_64-w64-mingw32/14.2.0/../../../../x86_64-w64-mingw32/lib/../lib/crt2.o
                0x0000000140012b90                .refptr.__mingw_initltssuo_force
 .rdata$.refptr.__mingw_module_is_dll
                0x0000000140012ba0       0x10 C:/MinGW/mingw64/bin/../lib/gcc/x86_64-w64-mingw32/14.2.0/../../../../x86_64-w64-mingw32/lib/../lib/libmsvcrt.a(lib64_libucrt_extra_a-ucrtbase_compat.o)
                0x0000000140012ba0                .refptr.__mingw_module_is_dll
 .rdata$.refptr.__mingw_oldexcpt_handler
                0x0000000140012bb0       0x10 C:/MinGW/mingw64/bin/../lib/gcc/x86_64-w64-mingw32/14.2.0/../../../../x86_64-w64-mingw32/lib/../lib/crt2.o
                0x0000000140012bb0                .refptr.__mingw_oldexcpt_handler
 .rdata$.refptr.__native_startup_lock
                0x0000000140012bc0       0x10 C:/MinGW/mingw64/bin/../lib/gcc/x86_64-w64-mingw32/14.2.0/../../../../x86_64-w64-mingw32/lib/../lib/crt2.o
                0x0000000140012bc0                .refptr.__native_startup_lock
 .rdata$.refptr.__native_startup_state
                0x0000000140012bd0       0x10 C:/MinGW/mingw64/bin/../lib/gcc/x86_64-w64-mingw32/14.2.0/../../../../x86_64-w64-mingw32/lib/../lib/crt2.o
                0x0000000140012bd0                .refptr.__native_startup_state
 .rdata$.refptr.__xc_a
                0x0000000140012be0       0x10 C:/MinGW/mingw64/bin/../lib/gcc/x86_64-w64-mingw32/14.2.0/../../../../x86_64-w64-mingw32/lib/../lib/crt2.o
                0x0000000140012be0                .refptr.__xc_a
 .rdata$.refptr.__xc_z
                0x0000000140012bf0       0x10 C:/MinGW/mingw64/bin/../lib/gcc/x86_64-w64-mingw32/14.2.0/../../../../x86_64-w64-mingw32/lib/../lib/crt2.o
                0x0000000140012bf0                .refptr.__xc_z
 .rdata$.refptr.__xi_a
                0x0000000140012c00       0x10 C:/MinGW/mingw64/bin/../lib/gcc/x86_64-w64-mingw32/14.2.0/../../../../x86_64-w64-mingw32/lib/../lib/crt2.o
                0x0000000140012c00                .refptr.__xi_a
 .rdata$.refptr.__xi_z
                0x0000000140012c10       0x10 C:/MinGW/mingw64/bin/../lib/gcc/x86_64-w64-mingw32/14.2.0/../../../../x86_64-w64-mingw32/lib/../lib/crt2.o
                0x0000000140012c10                .refptr.__xi_z
 .rdata$.refptr._commode
                0x0000000140012c20       0x10 C:/MinGW/mingw64/bin/../lib/gcc/x86_64-w64-mingw32/14.2.0/../../../../x86_64-w64-mingw32/lib/../lib/crt2.o
                0x0000000140012c20                .refptr._commode
 .rdata$.refptr._dowildcard
                0x0000000140012c30       0x10 C:/MinGW/mingw64/bin/../lib/gcc/x86_64-w64-mingw32/14.2.0/../../../../x86_64-w64-mingw32/lib/../lib/crt2.o
                0x0000000140012c30                .refptr._dowildcard
 .rdata$.refptr._fmode
                0x0000000140012c40       0x10 C:/MinGW/mingw64/bin/../lib/gcc/x86_64-w64-mingw32/14.2.0/../../../../x86_64-w64-mingw32/lib/../lib/crt2.o
                0x0000000140012c40                .refptr._fmode
 .rdata$.refptr._gnu_exception_handler
                0x0000000140012c50       0x10 C:/MinGW/mingw64/bin/../lib/gcc/x86_64-w64-mingw32/14.2.0/../../../../x86_64-w64-mingw32/lib/../lib/crt2.o
                0x0000000140012c50                .refptr._gnu_exception_handler
 .rdata$.refptr._matherr
                0x0000000140012c60       0x10 C:/MinGW/mingw64/bin/../lib/gcc/x86_64-w64-mingw32/14.2.0/../../../../x86_64-w64-mingw32/lib/../lib/crt2.o
                0x0000000140012c60                .refptr._matherr
 .rdata$.refptr._newmode
                0x0000000140012c70       0x10 C:/MinGW/mingw64/bin/../lib/gcc/x86_64-w64-mingw32/14.2.0/../../../../x86_64-w64-mingw32/lib/../lib/crt2.o
                0x0000000140012c70                .refptr._newmode
 .rdata$.refptr.az_context_application
                0x0000000140012c80       0x10 ../../../src/azure/storage/libaz_storage_blobs.a(az_storage_blobs_blob_client.c.obj)
                0x0000000140012c80                .refptr.az_context_application
 .rdata$.refptr.az_http_pipeline_policy_apiversion
                0x0000000140012c90       0x10 ../../../src/azure/storage/libaz_storage_blobs.a(az_storage_blobs_blob_client.c.obj)
                0x0000000140012c90                .refptr.az_http_pipeline_policy_apiversion
 .rdata$.refptr.az_http_pipeline_policy_credential
                0x0000000140012ca0       0x10 ../../../src/azure/storage/libaz_storage_blobs.a(az_storage_blobs_blob_client.c.obj)
                0x0000000140012ca0                .refptr.az_http_pipeline_policy_credential
 .rdata$.refptr.az_http_pipeline_policy_logging
                0x0000000140012cb0       0x10 ../../../src/azure/storage/libaz_storage_blobs.a(az_storage_blobs_blob_client.c.obj)
                0x0000000140012cb0                .refptr.az_http_pipeline_policy_logging
 .rdata$.refptr.az_http_pipeline_policy_retry
                0x0000000140012cc0       0x10 ../../../src/azure/storage/libaz_storage_blobs.a(az_storage_blobs_blob_client.c.obj)
                0x0000000140012cc0                .refptr.az_http_pipeline_policy_retry
 .rdata$.refptr.az_http_pipeline_policy_telemetry
                0x0000000140012cd0       0x10 ../../../src/azure/storage/libaz_storage_blobs.a(az_storage_blobs_blob_client.c.obj)
                0x0000000140012cd0                .refptr.az_http_pipeline_policy_telemetry
 .rdata$.refptr.az_http_pipeline_policy_transport
                0x0000000140012ce0       0x10 ../../../src/azure/storage/libaz_storage_blobs.a(az_storage_blobs_blob_client.c.obj)
                0x0000000140012ce0                .refptr.az_http_pipeline_policy_transport
 .rdata$zzz     0x0000000140012cf0       0x50 C:/MinGW/mingw64/bin/../lib/gcc/x86_64-w64-mingw32/14.2.0/../../../../x86_64-w64-mingw32/lib/../lib/crt2.o
 .rdata$zzz     0x0000000140012d40       0x50 C:/MinGW/mingw64/bin/../lib/gcc/x86_64-w64-mingw32/14.2.0/crtbegin.o
 .rdata$zzz     0x0000000140012d90       0x50 CMakeFiles\blobs_client_sample.dir/objects.a(blobs_client_sample.c.obj)
 .rdata$zzz     0x0000000140012de0       0x50 ../../../src/azure/storage/libaz_storage_blobs.a(az_storage_blobs_blob_client.c.obj)
 .rdata$zzz     0x0000000140012e30       0x50 ../../../src/azure/core/libaz_core.a(az_context.c.obj)
 .rdata$zzz     0x0000000140012e80       0x50 ../../../src/azure/core/libaz_core.a(az_http_pipeline.c.obj)
 .rdata$zzz     0x0000000140012ed0       0x50 ../../../src/azure/core/libaz_core.a(az_http_policy.c.obj)
 .rdata$zzz     0x0000000140012f20       0x50 ../../../src/azure/core/libaz_core.a(az_http_policy_logging.c.obj)
 .rdata$zzz     0x0000000140012f70       0x50 ../../../src/azure/core/libaz_core.a(az_http_policy_retry.c.obj)
 .rdata$zzz     0x0000000140012fc0       0x50 ../../../src/azure/core/libaz_core.a(az_http_request.c.obj)
 .rdata$zzz     0x0000000140013010       0x50 ../../../src/azure/core/libaz_core.a(az_http_response.c.obj)
 .rdata$zzz     0x0000000140013060       0x50 ../../../src/azure/core/libaz_core.a(az_log.c.obj)
 .rdata$zzz     0x00000001400130b0       0x50 ../../../src/azure/core/libaz_core.a(az_precondition.c.obj)
 .rdata$zzz     0x0000000140013100       0x50 ../../../src/azure/core/libaz_core.a(az_span.c.obj)
 .rdata$zzz     0x0000000140013150       0x50 ../../../src/azure/platform/libaz_win32.a(az_win32.c.obj)
 .rdata$zzz     0x00000001400131a0       0x50 C:/MinGW/mingw64/bin/../lib/gcc/x86_64-w64-mingw32/14.2.0/../../../../x86_64-w64-mingw32/lib/../lib/libmingw32.a(lib64_libmingw32_a-gccmain.o)
 .rdata$zzz     0x00000001400131f0       0x50 C:/MinGW/mingw64/bin/../lib/gcc/x86_64-w64-mingw32/14.2.0/../../../../x86_64-w64-mingw32/lib/../lib/libmingw32.a(lib64_libmingw32_a-natstart.o)
 .rdata$zzz     0x0000000140013240       0x50 C:/MinGW/mingw64/bin/../lib/gcc/x86_64-w64-mingw32/14.2.0/../../../../x86_64-w64-mingw32/lib/../lib/libmingw32.a(lib64_libmingw32_a-wildcard.o)
 .rdata$zzz     0x0000000140013290       0x50 C:/MinGW/mingw64/bin/../lib/gcc/x86_64-w64-mingw32/14.2.0/../../../../x86_64-w64-mingw32/lib/../lib/libmingw32.a(lib64_libmingw32_a-dllargv.o)
 .rdata$zzz     0x00000001400132e0       0x50 C:/MinGW/mingw64/bin/../lib/gcc/x86_64-w64-mingw32/14.2.0/../../../../x86_64-w64-mingw32/lib/../lib/libmingw32.a(lib64_libmingw32_a-_newmode.o)
 .rdata$zzz     0x0000000140013330       0x50 C:/MinGW/mingw64/bin/../lib/gcc/x86_64-w64-mingw32/14.2.0/../../../../x86_64-w64-mingw32/lib/../lib/libmingw32.a(lib64_libmingw32_a-tlssup.o)
 .rdata$zzz     0x0000000140013380       0x50 C:/MinGW/mingw64/bin/../lib/gcc/x86_64-w64-mingw32/14.2.0/../../../../x86_64-w64-mingw32/lib/../lib/libmingw32.a(lib64_libmingw32_a-xncommod.o)
 .rdata$zzz     0x00000001400133d0       0x50 C:/MinGW/mingw64/bin/../lib/gcc/x86_64-w64-mingw32/14.2.0/../../../../x86_64-w64-mingw32/lib/../lib/libmingw32.a(lib64_libmingw32_a-cinitexe.o)
 .rdata$zzz     0x0000000140013420       0x50 C:/MinGW/mingw64/bin/../lib/gcc/x86_64-w64-mingw32/14.2.0/../../../../x86_64-w64-mingw32/lib/../lib/libmingw32.a(lib64_libmingw32_a-merr.o)
 .rdata$zzz     0x0000000140013470       0x50 C:/MinGW/mingw64/bin/../lib/gcc/x86_64-w64-mingw32/14.2.0/../../../../x86_64-w64-mingw32/lib/../lib/libmingw32.a(lib64_libmingw32_a-xthdloc.o)
 .rdata$zzz     0x00000001400134c0       0x50 C:/MinGW/mingw64/bin/../lib/gcc/x86_64-w64-mingw32/14.2.0/../../../../x86_64-w64-mingw32/lib/../lib/libmingw32.a(lib64_libmingw32_a-CRT_fp10.o)
 .rdata$zzz     0x0000000140013510       0x50 C:/MinGW/mingw64/bin/../lib/gcc/x86_64-w64-mingw32/14.2.0/../../../../x86_64-w64-mingw32/lib/../lib/libmingw32.a(lib64_libmingw32_a-mingw_helpers.o)
 .rdata$zzz     0x0000000140013560       0x50 C:/MinGW/mingw64/bin/../lib/gcc/x86_64-w64-mingw32/14.2.0/../../../../x86_64-w64-mingw32/lib/../lib/libmingw32.a(lib64_libmingw32_a-pseudo-reloc.o)
 .rdata$zzz     0x00000001400135b0       0x50 C:/MinGW/mingw64/bin/../lib/gcc/x86_64-w64-mingw32/14.2.0/../../../../x86_64-w64-mingw32/lib/../lib/libmingw32.a(lib64_libmingw32_a-usermatherr.o)
 .rdata$zzz     0x0000000140013600       0x50 C:/MinGW/mingw64/bin/../lib/gcc/x86_64-w64-mingw32/14.2.0/../../../../x86_64-w64-mingw32/lib/../lib/libmingw32.a(lib64_libmingw32_a-xtxtmode.o)
 .rdata$zzz     0x0000000140013650       0x50 C:/MinGW/mingw64/bin/../lib/gcc/x86_64-w64-mingw32/14.2.0/../../../../x86_64-w64-mingw32/lib/../lib/libmingw32.a(lib64_libmingw32_a-crt_handler.o)
 .rdata$zzz     0x00000001400136a0       0x50 C:/MinGW/mingw64/bin/../lib/gcc/x86_64-w64-mingw32/14.2.0/../../../../x86_64-w64-mingw32/lib/../lib/libmingw32.a(lib64_libmingw32_a-tlsthrd.o)
 .rdata$zzz     0x00000001400136f0       0x50 C:/MinGW/mingw64/bin/../lib/gcc/x86_64-w64-mingw32/14.2.0/../../../../x86_64-w64-mingw32/lib/../lib/libmingw32.a(lib64_libmingw32_a-tlsmcrt.o)
 .rdata$zzz     0x0000000140013740       0x50 C:/MinGW/mingw64/bin/../lib/gcc/x86_64-w64-mingw32/14.2.0/../../../../x86_64-w64-mingw32/lib/../lib/libmingw32.a(lib64_libmingw32_a-pseudo-reloc-list.o)
 .rdata$zzz     0x0000000140013790       0x50 C:/MinGW/mingw64/bin/../lib/gcc/x86_64-w64-mingw32/14.2.0/../../../../x86_64-w64-mingw32/lib/../lib/libmingw32.a(lib64_libmingw32_a-pesect.o)
 .rdata$zzz     0x00000001400137e0       0x50 C:/MinGW/mingw64/bin/../lib/gcc/x86_64-w64-mingw32/14.2.0/libgcc.a(_ctors.o)
 .rdata$zzz     0x0000000140013830       0x50 C:/MinGW/mingw64/bin/../lib/gcc/x86_64-w64-mingw32/14.2.0/../../../../x86_64-w64-mingw32/lib/../lib/libmingwex.a(lib64_libmingwex_a-mingw_matherr.o)
 .rdata$zzz     0x0000000140013880       0x50 C:/MinGW/mingw64/bin/../lib/gcc/x86_64-w64-mingw32/14.2.0/../../../../x86_64-w64-mingw32/lib/../lib/libmsvcrt.a(lib64_libucrt_extra_a-ucrt_vfprintf.o)
 .rdata$zzz     0x00000001400138d0       0x50 C:/MinGW/mingw64/bin/../lib/gcc/x86_64-w64-mingw32/14.2.0/../../../../x86_64-w64-mingw32/lib/../lib/libmsvcrt.a(lib64_libucrt_extra_a-ucrt_sscanf.o)
 .rdata$zzz     0x0000000140013920       0x50 C:/MinGW/mingw64/bin/../lib/gcc/x86_64-w64-mingw32/14.2.0/../../../../x86_64-w64-mingw32/lib/../lib/libmsvcrt.a(lib64_libucrt_extra_a-ucrt_printf.o)
 .rdata$zzz     0x0000000140013970       0x50 C:/MinGW/mingw64/bin/../lib/gcc/x86_64-w64-mingw32/14.2.0/../../../../x86_64-w64-mingw32/lib/../lib/libmsvcrt.a(lib64_libucrt_extra_a-ucrt_fprintf.o)
 .rdata$zzz     0x00000001400139c0       0x50 C:/MinGW/mingw64/bin/../lib/gcc/x86_64-w64-mingw32/14.2.0/../../../../x86_64-w64-mingw32/lib/../lib/libmsvcrt.a(lib64_libucrt_extra_a-__initenv.o)
 .rdata$zzz     0x0000000140013a10       0x50 C:/MinGW/mingw64/bin/../lib/gcc/x86_64-w64-mingw32/14.2.0/../../../../x86_64-w64-mingw32/lib/../lib/libmsvcrt.a(lib64_libucrt_extra_a-ucrtbase_compat.o)
 .rdata$zzz     0x0000000140013a60       0x50 C:/MinGW/mingw64/bin/../lib/gcc/x86_64-w64-mingw32/14.2.0/crtend.o
 .rdata$zzz     0x0000000140013ab0       0x50 ../../../src/azure/platform/libaz_curl.a(az_curl.c.obj)
                0x0000000140013b00                . = ALIGN (0x4)
                0x0000000140013b00                __rt_psrelocs_start = .
 *(.rdata_runtime_pseudo_reloc)
                0x0000000140013b00                __rt_psrelocs_end = .
                0x0000000000000000                __rt_psrelocs_size = (__rt_psrelocs_end - __rt_psrelocs_start)
                0x0000000140013b00                ___RUNTIME_PSEUDO_RELOC_LIST_END__ = .
                0x0000000140013b00                __RUNTIME_PSEUDO_RELOC_LIST_END__ = .
                0x0000000140013b00                ___RUNTIME_PSEUDO_RELOC_LIST__ = (. - __rt_psrelocs_size)
                0x0000000140013b00                __RUNTIME_PSEUDO_RELOC_LIST__ = (. - __rt_psrelocs_size)

.eh_frame       0x0000000140014000      0x200
 *(.eh_frame*)
 .eh_frame      0x0000000140014000        0x0 C:/MinGW/mingw64/bin/../lib/gcc/x86_64-w64-mingw32/14.2.0/crtbegin.o
 .eh_frame      0x0000000140014000        0x4 C:/MinGW/mingw64/bin/../lib/gcc/x86_64-w64-mingw32/14.2.0/crtend.o

.pdata          0x0000000140015000      0xc00
 *(.pdata*)
 .pdata         0x0000000140015000       0x6c C:/MinGW/mingw64/bin/../lib/gcc/x86_64-w64-mingw32/14.2.0/../../../../x86_64-w64-mingw32/lib/../lib/crt2.o
 .pdata         0x000000014001506c       0x30 C:/MinGW/mingw64/bin/../lib/gcc/x86_64-w64-mingw32/14.2.0/crtbegin.o
 .pdata         0x000000014001509c      0x174 CMakeFiles\blobs_client_sample.dir/objects.a(blobs_client_sample.c.obj)
 .pdata         0x0000000140015210       0x3c ../../../src/azure/storage/libaz_storage_blobs.a(az_storage_blobs_blob_client.c.obj)
 .pdata         0x000000014001524c       0x48 ../../../src/azure/core/libaz_core.a(az_context.c.obj)
 .pdata         0x0000000140015294        0xc ../../../src/azure/core/libaz_core.a(az_http_pipeline.c.obj)
 .pdata         0x00000001400152a0       0x30 ../../../src/azure/core/libaz_core.a(az_http_policy.c.obj)
 .pdata         0x00000001400152d0       0x48 ../../../src/azure/core/libaz_core.a(az_http_policy_logging.c.obj)
 .pdata         0x0000000140015318       0x18 ../../../src/azure/core/libaz_core.a(az_http_policy_retry.c.obj)
 .pdata         0x0000000140015330       0x60 ../../../src/azure/core/libaz_core.a(az_http_request.c.obj)
 .pdata         0x0000000140015390       0x6c ../../../src/azure/core/libaz_core.a(az_http_response.c.obj)
 .pdata         0x00000001400153fc       0x30 ../../../src/azure/core/libaz_core.a(az_log.c.obj)
 .pdata         0x000000014001542c       0x24 ../../../src/azure/core/libaz_core.a(az_precondition.c.obj)
 .pdata         0x0000000140015450      0x168 ../../../src/azure/core/libaz_core.a(az_span.c.obj)
 .pdata         0x00000001400155b8       0x18 ../../../src/azure/platform/libaz_win32.a(az_win32.c.obj)
 .pdata         0x00000001400155d0       0x24 C:/MinGW/mingw64/bin/../lib/gcc/x86_64-w64-mingw32/14.2.0/../../../../x86_64-w64-mingw32/lib/../lib/libmingw32.a(lib64_libmingw32_a-gccmain.o)
 .pdata         0x00000001400155f4        0xc C:/MinGW/mingw64/bin/../lib/gcc/x86_64-w64-mingw32/14.2.0/../../../../x86_64-w64-mingw32/lib/../lib/libmingw32.a(lib64_libmingw32_a-dllargv.o)
 .pdata         0x0000000140015600       0x24 C:/MinGW/mingw64/bin/../lib/gcc/x86_64-w64-mingw32/14.2.0/../../../../x86_64-w64-mingw32/lib/../lib/libmingw32.a(lib64_libmingw32_a-tlssup.o)
 .pdata         0x0000000140015624        0xc C:/MinGW/mingw64/bin/../lib/gcc/x86_64-w64-mingw32/14.2.0/../../../../x86_64-w64-mingw32/lib/../lib/libmingw32.a(lib64_libmingw32_a-merr.o)
 .pdata         0x0000000140015630        0xc C:/MinGW/mingw64/bin/../lib/gcc/x86_64-w64-mingw32/14.2.0/../../../../x86_64-w64-mingw32/lib/../lib/libmingw32.a(lib64_libmingw32_a-CRT_fp10.o)
 .pdata         0x000000014001563c       0x48 C:/MinGW/mingw64/bin/../lib/gcc/x86_64-w64-mingw32/14.2.0/../../../../x86_64-w64-mingw32/lib/../lib/libmingw32.a(lib64_libmingw32_a-pseudo-reloc.o)
 .pdata         0x0000000140015684       0x18 C:/MinGW/mingw64/bin/../lib/gcc/x86_64-w64-mingw32/14.2.0/../../../../x86_64-w64-mingw32/lib/../lib/libmingw32.a(lib64_libmingw32_a-usermatherr.o)
 .pdata         0x000000014001569c        0xc C:/MinGW/mingw64/bin/../lib/gcc/x86_64-w64-mingw32/14.2.0/../../../../x86_64-w64-mingw32/lib/../lib/libmingw32.a(lib64_libmingw32_a-crt_handler.o)
 .pdata         0x00000001400156a8       0x30 C:/MinGW/mingw64/bin/../lib/gcc/x86_64-w64-mingw32/14.2.0/../../../../x86_64-w64-mingw32/lib/../lib/libmingw32.a(lib64_libmingw32_a-tlsthrd.o)
 .pdata         0x00000001400156d8       0x6c C:/MinGW/mingw64/bin/../lib/gcc/x86_64-w64-mingw32/14.2.0/../../../../x86_64-w64-mingw32/lib/../lib/libmingw32.a(lib64_libmingw32_a-pesect.o)
 .pdata         0x0000000140015744        0xc C:/MinGW/mingw64/bin/../lib/gcc/x86_64-w64-mingw32/14.2.0/../../../../x86_64-w64-mingw32/lib/../lib/libmsvcrt.a(lib64_libucrt_extra_a-ucrt_vfprintf.o)
 .pdata         0x0000000140015750        0xc C:/MinGW/mingw64/bin/../lib/gcc/x86_64-w64-mingw32/14.2.0/../../../../x86_64-w64-mingw32/lib/../lib/libmsvcrt.a(lib64_libucrt_extra_a-ucrt_sscanf.o)
 .pdata         0x000000014001575c        0xc C:/MinGW/mingw64/bin/../lib/gcc/x86_64-w64-mingw32/14.2.0/../../../../x86_64-w64-mingw32/lib/../lib/libmsvcrt.a(lib64_libucrt_extra_a-ucrt_printf.o)
 .pdata         0x0000000140015768        0xc C:/MinGW/mingw64/bin/../lib/gcc/x86_64-w64-mingw32/14.2.0/../../../../x86_64-w64-mingw32/lib/../lib/libmsvcrt.a(lib64_libucrt_extra_a-ucrt_fprintf.o)
 .pdata         0x0000000140015774       0x6c C:/MinGW/mingw64/bin/../lib/gcc/x86_64-w64-mingw32/14.2.0/../../../../x86_64-w64-mingw32/lib/../lib/libmsvcrt.a(lib64_libucrt_extra_a-ucrtbase_compat.o)
 .pdata.startup
                0x00000001400157e0        0xc C:/MinGW/mingw64/bin/../lib/gcc/x86_64-w64-mingw32/14.2.0/crtend.o
 .pdata         0x00000001400157ec      0x258 ../../../src/azure/platform/libaz_curl.a(az_curl.c.obj)

.xdata          0x0000000140016000      0xc00
 *(.xdata*)
 .xdata         0x0000000140016000       0x98 C:/MinGW/mingw64/bin/../lib/gcc/x86_64-w64-mingw32/14.2.0/../../../../x86_64-w64-mingw32/lib/../lib/crt2.o
 .xdata         0x0000000140016098       0x24 C:/MinGW/mingw64/bin/../lib/gcc/x86_64-w64-mingw32/14.2.0/crtbegin.o
 .xdata         0x00000001400160bc      0x100 CMakeFiles\blobs_client_sample.dir/objects.a(blobs_client_sample.c.obj)
 .xdata         0x00000001400161bc       0x6c ../../../src/azure/storage/libaz_storage_blobs.a(az_storage_blobs_blob_client.c.obj)
 .xdata         0x0000000140016228       0x48 ../../../src/azure/core/libaz_core.a(az_context.c.obj)
 .xdata         0x0000000140016270        0xc ../../../src/azure/core/libaz_core.a(az_http_pipeline.c.obj)
 .xdata         0x000000014001627c       0x38 ../../../src/azure/core/libaz_core.a(az_http_policy.c.obj)
 .xdata         0x00000001400162b4       0x5c ../../../src/azure/core/libaz_core.a(az_http_policy_logging.c.obj)
 .xdata         0x0000000140016310       0x28 ../../../src/azure/core/libaz_core.a(az_http_policy_retry.c.obj)
 .xdata         0x0000000140016338       0x68 ../../../src/azure/core/libaz_core.a(az_http_request.c.obj)
 .xdata         0x00000001400163a0       0x80 ../../../src/azure/core/libaz_core.a(az_http_response.c.obj)
 .xdata         0x0000000140016420       0x2c ../../../src/azure/core/libaz_core.a(az_log.c.obj)